2026-09-27T23:55:39Z [follow-observation] Starting target=http://localhost:1607 results=/home/pi/experiments/logs/2026-09-27T23-55-39_follow-observation_vu1JwL; collecting metadata
2026-09-27T23:55:40Z [follow-observation] Running Docker containers:
2026-09-27T23:55:40Z [follow-observation] docker-ps: NAMES     STATUS                    PORTS
2026-09-27T23:55:40Z [follow-observation] docker-ps: vehicle   Up 15 minutes (healthy)   
2026-09-27T23:55:40Z [follow-observation] Exactly one Docker container is running; selecting container=vehicle
2026-09-27T23:55:40Z [follow-observation] Using existing Docker container=vehicle state=running
2026-09-27T23:55:40Z [follow-observation] phase=observed_state remaining_s=60 (collection budget; cleanup follows)
2026-09-27T23:55:40Z [follow-observation] health=1 http=200 valid=true latency_s=0.001034 camera=true yolo=true detection=false follow=false
2026-09-27T23:55:40Z [follow-observation] phase=observed_state sample=1 cpu_pct=NA ram_used_total_kib=964448,8255824 temp_c=47.95 throttled=0x50000 container=running restarts=0
2026-09-27T23:55:41Z [follow-observation] phase=observed_state remaining_s=59
2026-09-27T23:55:42Z [follow-observation] phase=observed_state remaining_s=58
2026-09-27T23:55:43Z [follow-observation] phase=observed_state remaining_s=57
2026-09-27T23:55:44Z [follow-observation] phase=observed_state remaining_s=56
2026-09-27T23:55:45Z [follow-observation] phase=observed_state remaining_s=55
2026-09-27T23:55:46Z [follow-observation] health=2 http=200 valid=true latency_s=0.001105 camera=true yolo=true detection=false follow=false
2026-09-27T23:55:46Z [follow-observation] phase=observed_state sample=2 cpu_pct=3.736 ram_used_total_kib=964768,8255824 temp_c=49.6 throttled=0x50000 container=running restarts=0
2026-09-27T23:55:46Z [follow-observation] phase=observed_state remaining_s=54
2026-09-27T23:55:47Z [follow-observation] phase=observed_state remaining_s=53
2026-09-27T23:55:48Z [follow-observation] phase=observed_state remaining_s=52
2026-09-27T23:55:49Z [follow-observation] phase=observed_state remaining_s=51
2026-09-27T23:55:50Z [follow-observation] phase=observed_state remaining_s=50
2026-09-27T23:55:51Z [follow-observation] health=3 http=200 valid=true latency_s=0.001108 camera=true yolo=true detection=false follow=false
2026-09-27T23:55:51Z [follow-observation] phase=observed_state sample=3 cpu_pct=4.152 ram_used_total_kib=947392,8255824 temp_c=47.95 throttled=0x50000 container=running restarts=0
2026-09-27T23:55:51Z [follow-observation] phase=observed_state remaining_s=49
2026-09-27T23:55:52Z [follow-observation] phase=observed_state remaining_s=48
2026-09-27T23:55:53Z [follow-observation] phase=observed_state remaining_s=47
2026-09-27T23:55:54Z [follow-observation] phase=observed_state remaining_s=46
2026-09-27T23:55:55Z [follow-observation] phase=observed_state remaining_s=45
2026-09-27T23:55:56Z [follow-observation] health=4 http=200 valid=true latency_s=0.001032 camera=true yolo=true detection=false follow=false
2026-09-27T23:55:56Z [follow-observation] phase=observed_state sample=4 cpu_pct=5.569 ram_used_total_kib=924208,8255824 temp_c=46.85 throttled=0x50000 container=running restarts=0
2026-09-27T23:55:56Z [follow-observation] phase=observed_state remaining_s=44
2026-09-27T23:55:57Z [follow-observation] phase=observed_state remaining_s=43
2026-09-27T23:55:58Z [follow-observation] phase=observed_state remaining_s=42
2026-09-27T23:55:59Z [follow-observation] phase=observed_state remaining_s=41
2026-09-27T23:56:00Z [follow-observation] phase=observed_state remaining_s=40
2026-09-27T23:56:01Z [follow-observation] health=5 http=200 valid=true latency_s=0.001008 camera=true yolo=true detection=false follow=false
2026-09-27T23:56:01Z [follow-observation] phase=observed_state sample=5 cpu_pct=4.294 ram_used_total_kib=918768,8255824 temp_c=48.5 throttled=0x50000 container=running restarts=0
2026-09-27T23:56:01Z [follow-observation] phase=observed_state remaining_s=39
2026-09-27T23:56:02Z [follow-observation] phase=observed_state remaining_s=38
2026-09-27T23:56:03Z [follow-observation] phase=observed_state remaining_s=37
2026-09-27T23:56:04Z [follow-observation] phase=observed_state remaining_s=36
2026-09-27T23:56:05Z [follow-observation] phase=observed_state remaining_s=35
2026-09-27T23:56:06Z [follow-observation] health=6 http=200 valid=true latency_s=0.001032 camera=true yolo=true detection=false follow=false
2026-09-27T23:56:06Z [follow-observation] phase=observed_state sample=6 cpu_pct=4.727 ram_used_total_kib=916736,8255824 temp_c=50.7 throttled=0x50000 container=running restarts=0
2026-09-27T23:56:06Z [follow-observation] phase=observed_state remaining_s=34
2026-09-27T23:56:07Z [follow-observation] phase=observed_state remaining_s=33
2026-09-27T23:56:08Z [follow-observation] phase=observed_state remaining_s=32
2026-09-27T23:56:09Z [follow-observation] phase=observed_state remaining_s=31
2026-09-27T23:56:10Z [follow-observation] phase=observed_state remaining_s=30
2026-09-27T23:56:11Z [follow-observation] health=7 http=200 valid=true latency_s=0.001032 camera=true yolo=true detection=false follow=false
2026-09-27T23:56:11Z [follow-observation] phase=observed_state sample=7 cpu_pct=4.245 ram_used_total_kib=923312,8255824 temp_c=48.5 throttled=0x50000 container=running restarts=0
2026-09-27T23:56:11Z [follow-observation] phase=observed_state remaining_s=29
2026-09-27T23:56:12Z [follow-observation] phase=observed_state remaining_s=28
2026-09-27T23:56:13Z [follow-observation] phase=observed_state remaining_s=27
2026-09-27T23:56:14Z [follow-observation] phase=observed_state remaining_s=26
2026-09-27T23:56:15Z [follow-observation] phase=observed_state remaining_s=25
2026-09-27T23:56:16Z [follow-observation] health=8 http=200 valid=true latency_s=0.001029 camera=true yolo=true detection=false follow=false
2026-09-27T23:56:16Z [follow-observation] phase=observed_state sample=8 cpu_pct=4.820 ram_used_total_kib=928352,8255824 temp_c=49.05 throttled=0x50000 container=running restarts=0
2026-09-27T23:56:16Z [follow-observation] phase=observed_state remaining_s=24
2026-09-27T23:56:17Z [follow-observation] phase=observed_state remaining_s=23
2026-09-27T23:56:18Z [follow-observation] phase=observed_state remaining_s=22
2026-09-27T23:56:19Z [follow-observation] phase=observed_state remaining_s=21
2026-09-27T23:56:20Z [follow-observation] phase=observed_state remaining_s=20
2026-09-27T23:56:21Z [follow-observation] health=9 http=200 valid=true latency_s=0.001054 camera=true yolo=true detection=false follow=false
2026-09-27T23:56:21Z [follow-observation] phase=observed_state sample=9 cpu_pct=4.431 ram_used_total_kib=918416,8255824 temp_c=50.15 throttled=0x50000 container=running restarts=0
2026-09-27T23:56:21Z [follow-observation] phase=observed_state remaining_s=19
2026-09-27T23:56:22Z [follow-observation] phase=observed_state remaining_s=18
2026-09-27T23:56:23Z [follow-observation] phase=observed_state remaining_s=17
2026-09-27T23:56:24Z [follow-observation] phase=observed_state remaining_s=16
2026-09-27T23:56:25Z [follow-observation] phase=observed_state remaining_s=15
2026-09-27T23:56:26Z [follow-observation] health=10 http=200 valid=true latency_s=0.001058 camera=true yolo=true detection=false follow=false
2026-09-27T23:56:26Z [follow-observation] phase=observed_state sample=10 cpu_pct=4.727 ram_used_total_kib=918720,8255824 temp_c=48.5 throttled=0x50000 container=running restarts=0
2026-09-27T23:56:26Z [follow-observation] phase=observed_state remaining_s=14
2026-09-27T23:56:27Z [follow-observation] phase=observed_state remaining_s=13
2026-09-27T23:56:28Z [follow-observation] phase=observed_state remaining_s=12
2026-09-27T23:56:29Z [follow-observation] phase=observed_state remaining_s=11
2026-09-27T23:56:30Z [follow-observation] phase=observed_state remaining_s=10
2026-09-27T23:56:31Z [follow-observation] health=11 http=200 valid=true latency_s=0.001134 camera=true yolo=true detection=false follow=false
2026-09-27T23:56:31Z [follow-observation] phase=observed_state sample=11 cpu_pct=4.288 ram_used_total_kib=921088,8255824 temp_c=49.6 throttled=0x50000 container=running restarts=0
2026-09-27T23:56:31Z [follow-observation] phase=observed_state remaining_s=9
2026-09-27T23:56:32Z [follow-observation] phase=observed_state remaining_s=8
2026-09-27T23:56:34Z [follow-observation] phase=observed_state remaining_s=6
2026-09-27T23:56:35Z [follow-observation] phase=observed_state remaining_s=5
2026-09-27T23:56:36Z [follow-observation] phase=observed_state remaining_s=4
2026-09-27T23:56:36Z [follow-observation] health=12 http=200 valid=true latency_s=0.001418 camera=true yolo=true detection=false follow=false
2026-09-27T23:56:36Z [follow-observation] phase=observed_state sample=12 cpu_pct=4.724 ram_used_total_kib=918832,8255824 temp_c=50.15 throttled=0x50000 container=running restarts=0
2026-09-27T23:56:37Z [follow-observation] phase=observed_state remaining_s=3
2026-09-27T23:56:38Z [follow-observation] phase=observed_state remaining_s=2
2026-09-27T23:56:39Z [follow-observation] phase=observed_state remaining_s=1
2026-09-27T23:56:40Z [follow-observation] phase=observed_state remaining_s=0
2026-09-27T23:56:40Z [follow-observation] phase=observed_state remaining_s=0 collection complete
2026-09-27T23:56:40Z [follow-observation] Finalizing: stopping workers, restoring state and collecting Docker logs
2026-09-27T23:56:40Z [follow-observation] WARNING Docker logs unavailable or incomplete (timeout/permissions/container missing)
2026-09-27T23:56:40Z [follow-observation] Finished exit_code=0 elapsed_s=61 results=/home/pi/experiments/logs/2026-09-27T23-55-39_follow-observation_vu1JwL
