2026-09-28T00:55:21Z [detection-benchmark] Starting target=http://localhost:1607 results=/home/pi/experiments/logs/2026-09-28T00-55-21_detection-benchmark_eM2XJp; collecting metadata
2026-09-28T00:55:21Z [detection-benchmark] Running Docker containers:
2026-09-28T00:55:21Z [detection-benchmark] docker-ps: NAMES     STATUS                       PORTS
2026-09-28T00:55:21Z [detection-benchmark] docker-ps: vehicle   Up About an hour (healthy)   
2026-09-28T00:55:21Z [detection-benchmark] Exactly one Docker container is running; selecting container=vehicle
2026-09-28T00:55:21Z [detection-benchmark] Using existing Docker container=vehicle state=running
2026-09-28T00:55:21Z [detection-benchmark] health=preflight http=200 valid=true latency_s=0.000801 camera=true yolo=true detection=false follow=false
2026-09-28T00:55:21Z [detection-benchmark] Setting detection=false
2026-09-28T00:55:21Z [detection-benchmark] health=verify-1-false http=200 valid=true latency_s=0.000869 camera=true yolo=true detection=false follow=false
2026-09-28T00:55:21Z [detection-benchmark] phase=detection_false remaining_s=60 (collection budget; cleanup follows)
2026-09-28T00:55:21Z [detection-benchmark] health=1 http=200 valid=true latency_s=0.000885 camera=true yolo=true detection=false follow=false
2026-09-28T00:55:21Z [detection-benchmark] phase=detection_false sample=1 cpu_pct=NA ram_used_total_kib=1032224,8255824 temp_c=62.8 throttled=0x50000 container=running restarts=0
2026-09-28T00:55:22Z [detection-benchmark] phase=detection_false remaining_s=59
2026-09-28T00:55:23Z [detection-benchmark] phase=detection_false remaining_s=58
2026-09-28T00:55:24Z [detection-benchmark] phase=detection_false remaining_s=57
2026-09-28T00:55:25Z [detection-benchmark] phase=detection_false remaining_s=56
2026-09-28T00:55:26Z [detection-benchmark] phase=detection_false remaining_s=55
2026-09-28T00:55:27Z [detection-benchmark] health=2 http=200 valid=true latency_s=0.001073 camera=true yolo=true detection=false follow=false
2026-09-28T00:55:27Z [detection-benchmark] phase=detection_false sample=2 cpu_pct=3.167 ram_used_total_kib=1017792,8255824 temp_c=61.7 throttled=0x50000 container=running restarts=0
2026-09-28T00:55:27Z [detection-benchmark] phase=detection_false remaining_s=54
2026-09-28T00:55:28Z [detection-benchmark] phase=detection_false remaining_s=53
2026-09-28T00:55:29Z [detection-benchmark] phase=detection_false remaining_s=52
2026-09-28T00:55:30Z [detection-benchmark] phase=detection_false remaining_s=51
2026-09-28T00:55:31Z [detection-benchmark] phase=detection_false remaining_s=50
2026-09-28T00:55:32Z [detection-benchmark] health=3 http=200 valid=true latency_s=0.001029 camera=true yolo=true detection=false follow=false
2026-09-28T00:55:32Z [detection-benchmark] phase=detection_false sample=3 cpu_pct=4.397 ram_used_total_kib=1020176,8255824 temp_c=61.15 throttled=0x50000 container=running restarts=0
2026-09-28T00:55:32Z [detection-benchmark] phase=detection_false remaining_s=49
2026-09-28T00:55:33Z [detection-benchmark] phase=detection_false remaining_s=48
2026-09-28T00:55:34Z [detection-benchmark] phase=detection_false remaining_s=47
2026-09-28T00:55:35Z [detection-benchmark] phase=detection_false remaining_s=46
2026-09-28T00:55:36Z [detection-benchmark] phase=detection_false remaining_s=45
2026-09-28T00:55:37Z [detection-benchmark] health=4 http=200 valid=true latency_s=0.001124 camera=true yolo=true detection=false follow=false
2026-09-28T00:55:37Z [detection-benchmark] phase=detection_false sample=4 cpu_pct=3.394 ram_used_total_kib=1016736,8255824 temp_c=61.7 throttled=0x50000 container=running restarts=0
2026-09-28T00:55:37Z [detection-benchmark] phase=detection_false remaining_s=44
2026-09-28T00:55:38Z [detection-benchmark] phase=detection_false remaining_s=43
2026-09-28T00:55:39Z [detection-benchmark] phase=detection_false remaining_s=42
2026-09-28T00:55:40Z [detection-benchmark] phase=detection_false remaining_s=41
2026-09-28T00:55:41Z [detection-benchmark] phase=detection_false remaining_s=40
2026-09-28T00:55:42Z [detection-benchmark] health=5 http=200 valid=true latency_s=0.001033 camera=true yolo=true detection=false follow=false
2026-09-28T00:55:42Z [detection-benchmark] phase=detection_false sample=5 cpu_pct=4.579 ram_used_total_kib=1015216,8255824 temp_c=61.7 throttled=0x50000 container=running restarts=0
2026-09-28T00:55:42Z [detection-benchmark] phase=detection_false remaining_s=39
2026-09-28T00:55:43Z [detection-benchmark] phase=detection_false remaining_s=38
2026-09-28T00:55:44Z [detection-benchmark] phase=detection_false remaining_s=37
2026-09-28T00:55:45Z [detection-benchmark] phase=detection_false remaining_s=36
2026-09-28T00:55:46Z [detection-benchmark] phase=detection_false remaining_s=35
2026-09-28T00:55:47Z [detection-benchmark] health=6 http=200 valid=true latency_s=0.001096 camera=true yolo=true detection=false follow=false
2026-09-28T00:55:47Z [detection-benchmark] phase=detection_false sample=6 cpu_pct=4.286 ram_used_total_kib=1013216,8255824 temp_c=61.15 throttled=0x50000 container=running restarts=0
2026-09-28T00:55:47Z [detection-benchmark] phase=detection_false remaining_s=34
2026-09-28T00:55:48Z [detection-benchmark] phase=detection_false remaining_s=33
2026-09-28T00:55:49Z [detection-benchmark] phase=detection_false remaining_s=32
2026-09-28T00:55:50Z [detection-benchmark] phase=detection_false remaining_s=31
2026-09-28T00:55:51Z [detection-benchmark] phase=detection_false remaining_s=30
2026-09-28T00:55:52Z [detection-benchmark] health=7 http=200 valid=true latency_s=0.001078 camera=true yolo=true detection=false follow=false
2026-09-28T00:55:52Z [detection-benchmark] phase=detection_false sample=7 cpu_pct=4.393 ram_used_total_kib=1010704,8255824 temp_c=60.6 throttled=0x50000 container=running restarts=0
2026-09-28T00:55:52Z [detection-benchmark] phase=detection_false remaining_s=29
2026-09-28T00:55:53Z [detection-benchmark] phase=detection_false remaining_s=28
2026-09-28T00:55:54Z [detection-benchmark] phase=detection_false remaining_s=27
2026-09-28T00:55:55Z [detection-benchmark] phase=detection_false remaining_s=26
2026-09-28T00:55:56Z [detection-benchmark] phase=detection_false remaining_s=25
2026-09-28T00:55:57Z [detection-benchmark] health=8 http=200 valid=true latency_s=0.000875 camera=true yolo=true detection=false follow=false
2026-09-28T00:55:57Z [detection-benchmark] phase=detection_false sample=8 cpu_pct=3.647 ram_used_total_kib=1013936,8255824 temp_c=62.25 throttled=0x50000 container=running restarts=0
2026-09-28T00:55:57Z [detection-benchmark] phase=detection_false remaining_s=24
2026-09-28T00:55:58Z [detection-benchmark] phase=detection_false remaining_s=23
2026-09-28T00:55:59Z [detection-benchmark] phase=detection_false remaining_s=22
2026-09-28T00:56:00Z [detection-benchmark] phase=detection_false remaining_s=21
2026-09-28T00:56:01Z [detection-benchmark] phase=detection_false remaining_s=20
2026-09-28T00:56:02Z [detection-benchmark] health=9 http=200 valid=true latency_s=0.001064 camera=true yolo=true detection=false follow=false
2026-09-28T00:56:02Z [detection-benchmark] phase=detection_false sample=9 cpu_pct=4.393 ram_used_total_kib=1025744,8255824 temp_c=61.15 throttled=0x50000 container=running restarts=0
2026-09-28T00:56:02Z [detection-benchmark] phase=detection_false remaining_s=19
2026-09-28T00:56:03Z [detection-benchmark] phase=detection_false remaining_s=18
2026-09-28T00:56:04Z [detection-benchmark] phase=detection_false remaining_s=17
2026-09-28T00:56:05Z [detection-benchmark] phase=detection_false remaining_s=16
2026-09-28T00:56:06Z [detection-benchmark] phase=detection_false remaining_s=15
2026-09-28T00:56:07Z [detection-benchmark] health=10 http=200 valid=true latency_s=0.001093 camera=true yolo=true detection=false follow=false
2026-09-28T00:56:07Z [detection-benchmark] phase=detection_false sample=10 cpu_pct=4.333 ram_used_total_kib=1016128,8255824 temp_c=60.05 throttled=0x50000 container=running restarts=0
2026-09-28T00:56:07Z [detection-benchmark] phase=detection_false remaining_s=14
2026-09-28T00:56:08Z [detection-benchmark] phase=detection_false remaining_s=13
2026-09-28T00:56:10Z [detection-benchmark] phase=detection_false remaining_s=12
2026-09-28T00:56:11Z [detection-benchmark] phase=detection_false remaining_s=10
2026-09-28T00:56:12Z [detection-benchmark] phase=detection_false remaining_s=9
2026-09-28T00:56:12Z [detection-benchmark] health=11 http=200 valid=true latency_s=0.001034 camera=true yolo=true detection=false follow=false
2026-09-28T00:56:12Z [detection-benchmark] phase=detection_false sample=11 cpu_pct=4.407 ram_used_total_kib=1009968,8255824 temp_c=60.05 throttled=0x50000 container=running restarts=0
2026-09-28T00:56:13Z [detection-benchmark] phase=detection_false remaining_s=8
2026-09-28T00:56:14Z [detection-benchmark] phase=detection_false remaining_s=7
2026-09-28T00:56:15Z [detection-benchmark] phase=detection_false remaining_s=6
2026-09-28T00:56:16Z [detection-benchmark] phase=detection_false remaining_s=5
2026-09-28T00:56:17Z [detection-benchmark] phase=detection_false remaining_s=4
2026-09-28T00:56:17Z [detection-benchmark] health=12 http=200 valid=true latency_s=0.001028 camera=true yolo=true detection=false follow=false
2026-09-28T00:56:18Z [detection-benchmark] phase=detection_false sample=12 cpu_pct=4.380 ram_used_total_kib=1013168,8255824 temp_c=60.05 throttled=0x50000 container=running restarts=0
2026-09-28T00:56:18Z [detection-benchmark] phase=detection_false remaining_s=3
2026-09-28T00:56:19Z [detection-benchmark] phase=detection_false remaining_s=2
2026-09-28T00:56:20Z [detection-benchmark] phase=detection_false remaining_s=1
2026-09-28T00:56:21Z [detection-benchmark] phase=detection_false remaining_s=0 collection complete
2026-09-28T00:56:21Z [detection-benchmark] Setting detection=true
2026-09-28T00:56:21Z [detection-benchmark] health=verify-2-true http=200 valid=true latency_s=0.000987 camera=true yolo=true detection=true follow=false
2026-09-28T00:56:21Z [detection-benchmark] phase=detection_true remaining_s=60 (collection budget; cleanup follows)
2026-09-28T00:56:21Z [detection-benchmark] health=13 http=200 valid=true latency_s=0.002487 camera=true yolo=true detection=true follow=false
2026-09-28T00:56:21Z [detection-benchmark] phase=detection_true sample=13 cpu_pct=NA ram_used_total_kib=993952,8255824 temp_c=61.7 throttled=0x50000 container=running restarts=0
2026-09-28T00:56:22Z [detection-benchmark] phase=detection_true remaining_s=59
2026-09-28T00:56:23Z [detection-benchmark] phase=detection_true remaining_s=58
2026-09-28T00:56:24Z [detection-benchmark] phase=detection_true remaining_s=57
2026-09-28T00:56:25Z [detection-benchmark] phase=detection_true remaining_s=56
2026-09-28T00:56:26Z [detection-benchmark] phase=detection_true remaining_s=55
2026-09-28T00:56:26Z [detection-benchmark] health=14 http=200 valid=true latency_s=0.001493 camera=true yolo=true detection=true follow=false
2026-09-28T00:56:26Z [detection-benchmark] phase=detection_true sample=14 cpu_pct=55.922 ram_used_total_kib=1039808,8255824 temp_c=66.1 throttled=0x50000 container=running restarts=0
2026-09-28T00:56:27Z [detection-benchmark] phase=detection_true remaining_s=54
2026-09-28T00:56:28Z [detection-benchmark] phase=detection_true remaining_s=53
2026-09-28T00:56:29Z [detection-benchmark] phase=detection_true remaining_s=52
2026-09-28T00:56:30Z [detection-benchmark] phase=detection_true remaining_s=51
2026-09-28T00:56:31Z [detection-benchmark] phase=detection_true remaining_s=50
2026-09-28T00:56:31Z [detection-benchmark] health=15 http=200 valid=true latency_s=0.001474 camera=true yolo=true detection=true follow=false
2026-09-28T00:56:31Z [detection-benchmark] phase=detection_true sample=15 cpu_pct=55.638 ram_used_total_kib=1031088,8255824 temp_c=68.85 throttled=0x50005 container=running restarts=0
2026-09-28T00:56:32Z [detection-benchmark] phase=detection_true remaining_s=49
2026-09-28T00:56:33Z [detection-benchmark] phase=detection_true remaining_s=48
2026-09-28T00:56:34Z [detection-benchmark] phase=detection_true remaining_s=47
2026-09-28T00:56:35Z [detection-benchmark] phase=detection_true remaining_s=46
2026-09-28T00:56:36Z [detection-benchmark] phase=detection_true remaining_s=45
2026-09-28T00:56:36Z [detection-benchmark] health=16 http=200 valid=true latency_s=0.001629 camera=true yolo=true detection=true follow=false
2026-09-28T00:56:36Z [detection-benchmark] phase=detection_true sample=16 cpu_pct=56.204 ram_used_total_kib=1063296,8255824 temp_c=71.05 throttled=0x50005 container=running restarts=0
2026-09-28T00:56:37Z [detection-benchmark] phase=detection_true remaining_s=44
2026-09-28T00:56:38Z [detection-benchmark] phase=detection_true remaining_s=43
2026-09-28T00:56:39Z [detection-benchmark] phase=detection_true remaining_s=42
2026-09-28T00:56:40Z [detection-benchmark] phase=detection_true remaining_s=41
2026-09-28T00:56:41Z [detection-benchmark] phase=detection_true remaining_s=40
2026-09-28T00:56:41Z [detection-benchmark] health=17 http=200 valid=true latency_s=0.001355 camera=true yolo=true detection=true follow=false
2026-09-28T00:56:41Z [detection-benchmark] phase=detection_true sample=17 cpu_pct=55.047 ram_used_total_kib=1056784,8255824 temp_c=70.5 throttled=0x50000 container=running restarts=0
2026-09-28T00:56:42Z [detection-benchmark] phase=detection_true remaining_s=39
2026-09-28T00:56:43Z [detection-benchmark] phase=detection_true remaining_s=38
2026-09-28T00:56:44Z [detection-benchmark] phase=detection_true remaining_s=37
2026-09-28T00:56:45Z [detection-benchmark] phase=detection_true remaining_s=36
2026-09-28T00:56:46Z [detection-benchmark] phase=detection_true remaining_s=35
2026-09-28T00:56:46Z [detection-benchmark] health=18 http=200 valid=true latency_s=0.001656 camera=true yolo=true detection=true follow=false
2026-09-28T00:56:46Z [detection-benchmark] phase=detection_true sample=18 cpu_pct=55.784 ram_used_total_kib=1056928,8255824 temp_c=72.15 throttled=0x50000 container=running restarts=0
2026-09-28T00:56:47Z [detection-benchmark] phase=detection_true remaining_s=34
2026-09-28T00:56:48Z [detection-benchmark] phase=detection_true remaining_s=33
2026-09-28T00:56:49Z [detection-benchmark] phase=detection_true remaining_s=32
2026-09-28T00:56:50Z [detection-benchmark] phase=detection_true remaining_s=31
2026-09-28T00:56:51Z [detection-benchmark] phase=detection_true remaining_s=30
2026-09-28T00:56:51Z [detection-benchmark] health=19 http=200 valid=true latency_s=0.001559 camera=true yolo=true detection=true follow=false
2026-09-28T00:56:51Z [detection-benchmark] phase=detection_true sample=19 cpu_pct=55.065 ram_used_total_kib=1069776,8255824 temp_c=72.7 throttled=0x50000 container=running restarts=0
2026-09-28T00:56:52Z [detection-benchmark] phase=detection_true remaining_s=29
2026-09-28T00:56:53Z [detection-benchmark] phase=detection_true remaining_s=28
2026-09-28T00:56:54Z [detection-benchmark] phase=detection_true remaining_s=27
2026-09-28T00:56:55Z [detection-benchmark] phase=detection_true remaining_s=26
2026-09-28T00:56:56Z [detection-benchmark] phase=detection_true remaining_s=25
2026-09-28T00:56:57Z [detection-benchmark] health=20 http=200 valid=true latency_s=0.000956 camera=true yolo=true detection=true follow=false
2026-09-28T00:56:57Z [detection-benchmark] phase=detection_true sample=20 cpu_pct=56.507 ram_used_total_kib=1049824,8255824 temp_c=73.8 throttled=0x50000 container=running restarts=0
2026-09-28T00:56:57Z [detection-benchmark] phase=detection_true remaining_s=24
2026-09-28T00:56:58Z [detection-benchmark] phase=detection_true remaining_s=23
2026-09-28T00:56:59Z [detection-benchmark] phase=detection_true remaining_s=22
2026-09-28T00:57:00Z [detection-benchmark] phase=detection_true remaining_s=21
2026-09-28T00:57:01Z [detection-benchmark] phase=detection_true remaining_s=20
2026-09-28T00:57:02Z [detection-benchmark] health=21 http=200 valid=true latency_s=0.002803 camera=true yolo=true detection=true follow=false
2026-09-28T00:57:02Z [detection-benchmark] phase=detection_true sample=21 cpu_pct=55.595 ram_used_total_kib=1091504,8255824 temp_c=74.35 throttled=0x50005 container=running restarts=0
2026-09-28T00:57:02Z [detection-benchmark] phase=detection_true remaining_s=19
2026-09-28T00:57:03Z [detection-benchmark] phase=detection_true remaining_s=18
2026-09-28T00:57:04Z [detection-benchmark] phase=detection_true remaining_s=17
2026-09-28T00:57:05Z [detection-benchmark] phase=detection_true remaining_s=16
2026-09-28T00:57:06Z [detection-benchmark] phase=detection_true remaining_s=15
2026-09-28T00:57:07Z [detection-benchmark] health=22 http=200 valid=true latency_s=0.000896 camera=true yolo=true detection=true follow=false
2026-09-28T00:57:07Z [detection-benchmark] phase=detection_true remaining_s=14
2026-09-28T00:57:07Z [detection-benchmark] phase=detection_true sample=22 cpu_pct=55.572 ram_used_total_kib=1087312,8255824 temp_c=75.45 throttled=0x50000 container=running restarts=0
2026-09-28T00:57:08Z [detection-benchmark] phase=detection_true remaining_s=13
2026-09-28T00:57:09Z [detection-benchmark] phase=detection_true remaining_s=12
2026-09-28T00:57:10Z [detection-benchmark] phase=detection_true remaining_s=11
2026-09-28T00:57:11Z [detection-benchmark] phase=detection_true remaining_s=10
2026-09-28T00:57:12Z [detection-benchmark] phase=detection_true remaining_s=9
2026-09-28T00:57:12Z [detection-benchmark] health=23 http=200 valid=true latency_s=0.001736 camera=true yolo=true detection=true follow=false
2026-09-28T00:57:12Z [detection-benchmark] phase=detection_true sample=23 cpu_pct=55.366 ram_used_total_kib=1069872,8255824 temp_c=74.35 throttled=0x50005 container=running restarts=0
2026-09-28T00:57:13Z [detection-benchmark] phase=detection_true remaining_s=8
2026-09-28T00:57:14Z [detection-benchmark] phase=detection_true remaining_s=7
2026-09-28T00:57:15Z [detection-benchmark] phase=detection_true remaining_s=6
2026-09-28T00:57:16Z [detection-benchmark] phase=detection_true remaining_s=5
2026-09-28T00:57:17Z [detection-benchmark] phase=detection_true remaining_s=4
2026-09-28T00:57:17Z [detection-benchmark] health=24 http=200 valid=true latency_s=0.000856 camera=true yolo=true detection=true follow=false
2026-09-28T00:57:17Z [detection-benchmark] phase=detection_true sample=24 cpu_pct=56.208 ram_used_total_kib=1079392,8255824 temp_c=76.55 throttled=0x50000 container=running restarts=0
2026-09-28T00:57:18Z [detection-benchmark] phase=detection_true remaining_s=3
2026-09-28T00:57:19Z [detection-benchmark] phase=detection_true remaining_s=2
2026-09-28T00:57:20Z [detection-benchmark] phase=detection_true remaining_s=1
2026-09-28T00:57:21Z [detection-benchmark] phase=detection_true remaining_s=0
2026-09-28T00:57:21Z [detection-benchmark] phase=detection_true remaining_s=0 collection complete
2026-09-28T00:57:21Z [detection-benchmark] Finalizing: stopping workers, restoring state and collecting Docker logs
2026-09-28T00:57:21Z [detection-benchmark] Setting detection=false
2026-09-28T00:57:21Z [detection-benchmark] health=verify-3-false http=200 valid=true latency_s=0.002455 camera=true yolo=true detection=false follow=false
2026-09-28T00:57:21Z [detection-benchmark] WARNING Docker logs unavailable or incomplete (timeout/permissions/container missing)
2026-09-28T00:57:21Z [detection-benchmark] Finished exit_code=0 elapsed_s=120 results=/home/pi/experiments/logs/2026-09-28T00-55-21_detection-benchmark_eM2XJp
