 14:38:24 up 8 min,  1 user,  load average: 0.16, 0.16, 0.09
Filesystem     1024-blocks     Used Available Capacity Mounted on
/dev/mmcblk0p2    59227668 14712696  42065948      26% /
    PID    PPID COMMAND         %CPU %MEM
      1       0 systemd          0.2  0.1
      2       0 kthreadd         0.0  0.0
      3       2 pool_workqueue_  0.0  0.0
      4       2 kworker/R-rcu_g  0.0  0.0
      5       2 kworker/R-sync_  0.0  0.0
      6       2 kworker/R-kvfre  0.0  0.0
      7       2 kworker/R-slub_  0.0  0.0
      8       2 kworker/R-netns  0.0  0.0
     11       2 kworker/0:1-eve  0.0  0.0
     12       2 kworker/u16:0-k  0.0  0.0
     13       2 kworker/R-mm_pe  0.0  0.0
     14       2 ksoftirqd/0      0.0  0.0
     15       2 rcu_preempt      0.0  0.0
     16       2 rcu_exp_par_gp_  0.0  0.0
     17       2 rcu_exp_gp_kthr  0.0  0.0
     18       2 migration/0      0.0  0.0
     19       2 cpuhp/0          0.0  0.0
     20       2 cpuhp/1          0.0  0.0
     21       2 migration/1      0.0  0.0
     22       2 ksoftirqd/1      0.0  0.0
     23       2 kworker/1:0-eve  0.0  0.0
     25       2 cpuhp/2          0.0  0.0
     26       2 migration/2      0.0  0.0
     27       2 ksoftirqd/2      0.0  0.0
     28       2 kworker/2:0-eve  0.0  0.0
     29       2 kworker/2:0H-kb  0.0  0.0
     30       2 cpuhp/3          0.0  0.0
     31       2 migration/3      0.0  0.0
     32       2 ksoftirqd/3      0.0  0.0
     33       2 kworker/3:0-mm_  0.0  0.0
     35       2 kdevtmpfs        0.0  0.0
     36       2 kworker/R-inet_  0.0  0.0
     37       2 rcu_tasks_kthre  0.0  0.0
     38       2 rcu_tasks_rude_  0.0  0.0
     39       2 rcu_tasks_trace  0.0  0.0
     40       2 kauditd          0.0  0.0
     41       2 pr/ttyAMA-1      0.5  0.0
     42       2 kworker/0:1H-kb  0.0  0.0
     43       2 kworker/0:2-eve  0.0  0.0
     44       2 khungtaskd       0.0  0.0
     45       2 kworker/u16:1-e  0.0  0.0
     46       2 oom_reaper       0.0  0.0
     47       2 kworker/R-write  0.0  0.0
     48       2 kcompactd0       0.0  0.0
     49       2 kcompactd1       0.0  0.0
     50       2 kcompactd2       0.0  0.0
     51       2 kcompactd3       0.0  0.0
     52       2 kcompactd4       0.0  0.0
     53       2 kcompactd5       0.0  0.0
     54       2 kcompactd6       0.0  0.0
     55       2 kcompactd7       0.0  0.0
     57       2 kworker/R-kbloc  0.0  0.0
     58       2 kworker/R-blkcg  0.0  0.0
     59       2 kworker/R-kinte  0.0  0.0
     60       2 kworker/u16:2-e  0.0  0.0
     61       2 kworker/1:1H-kb  0.0  0.0
     62       2 watchdogd        0.0  0.0
     64       2 kworker/R-quota  0.0  0.0
     65       2 kworker/3:1H-kb  0.0  0.0
     66       2 kworker/R-rpcio  0.0  0.0
     67       2 kworker/R-xprti  0.0  0.0
     68       2 kswapd0          0.0  0.0
     69       2 kswapd1          0.0  0.0
     70       2 kswapd2          0.0  0.0
     71       2 kswapd3          0.0  0.0
     72       2 kswapd4          0.0  0.0
     73       2 kswapd5          0.0  0.0
     74       2 kswapd6          0.0  0.0
     75       2 kswapd7          0.0  0.0
     76       2 kworker/R-nfsio  0.0  0.0
     77       2 kworker/R-kthro  0.0  0.0
     78       2 kworker/u17:0-b  0.0  0.0
     80       2 kworker/1:3-eve  0.0  0.0
     84       2 hwrng            0.0  0.0
     85       2 kworker/R-iscsi  0.0  0.0
     86       2 kworker/R-nvme-  0.0  0.0
     87       2 kworker/R-nvme-  0.0  0.0
     88       2 kworker/R-nvme-  0.0  0.0
     89       2 kworker/R-DWC N  0.0  0.0
     90       2 kworker/R-uas    0.0  0.0
     91       2 kworker/R-kstrp  0.0  0.0
     92       2 kworker/u16:3-a  0.0  0.0
     94       2 irq/37-aerdrv    0.0  0.0
     95       2 kworker/3:2-mm_  0.0  0.0
     97       2 kworker/R-sdhci  0.0  0.0
     98       2 kworker/u16:4-a  0.0  0.0
     99       2 irq/161-mmc1     0.0  0.0
    100       2 kworker/R-sdhci  0.0  0.0
    101       2 kworker/u16:5-k  0.0  0.0
    102       2 irq/160-mmc0     0.0  0.0
    106       2 kworker/R-mmc_c  0.0  0.0
    180       2 jbd2/mmcblk0p2-  0.0  0.0
    181       2 kworker/R-ext4-  0.0  0.0
    198       2 kworker/R-mld    0.0  0.0
    199       2 kworker/R-ipv6_  0.0  0.0
    217       2 kworker/3:2H-kb  0.0  0.0
    299       2 kworker/0:2H-kb  0.0  0.0
    303       1 systemd-journal  0.0  0.1
    328       1 systemd-timesyn  0.0  0.0
    338       1 systemd-udevd    0.0  0.1
    340       2 kworker/2:3-mm_  0.0  0.0
    422       2 kworker/1:2H-kb  0.0  0.0
    468       2 kworker/2:2H-kb  0.0  0.0
    475       2 kworker/R-v3d_b  0.0  0.0
    476       2 kworker/R-v3d_r  0.0  0.0
    477       2 kworker/R-v3d_t  0.0  0.0
    478       2 kworker/R-v3d_c  0.0  0.0
    479       2 kworker/R-v3d_c  0.0  0.0
    480       2 kworker/R-v3d_c  0.0  0.0
    520       2 kworker/R-cfg80  0.0  0.0
    536       2 irq/168-1000800  0.0  0.0
    537       2 kworker/R-brcmf  0.0  0.0
    544       2 brcmf_wdog/mmc1  0.0  0.0
    573       2 kworker/u17:3-h  0.0  0.0
    588       2 irq/172-vc4 hdm  0.0  0.0
    592       2 irq/173-vc4 hdm  0.0  0.0
    593       2 cec-vc4-hdmi-0   0.0  0.0
    595       2 irq/174-vc4 hdm  0.0  0.0
    596       2 irq/175-vc4 hdm  0.0  0.0
    603       2 irq/176-vc4 hdm  0.0  0.0
    604       2 irq/177-vc4 hdm  0.0  0.0
    605       2 cec-vc4-hdmi-1   0.0  0.0
    607       2 irq/178-vc4 hdm  0.0  0.0
    612       2 irq/179-vc4 hdm  0.0  0.0
    625       2 card1-crtc0      0.0  0.0
    626       2 card1-crtc1      0.0  0.0
    627       2 card1-crtc2      0.0  0.0
    628       2 card1-crtc3      0.0  0.0
    655       1 avahi-daemon     0.0  0.0
    656       1 bluetoothd       0.0  0.0
    657       1 cron             0.0  0.0
    658       1 dbus-daemon      0.0  0.0
    663       1 systemd-logind   0.0  0.1
    680     655 avahi-daemon     0.0  0.0
    715       1 NetworkManager   0.0  0.2
    716       1 wpa_supplicant   0.0  0.1
    727       2 krfcommd         0.0  0.0
   1127       1 bash             0.0  0.0
   1137       1 containerd       0.0  0.5
   1139       1 agetty           0.0  0.0
   1140       1 agetty           0.0  0.0
   1145       1 sshd             0.0  0.0
   1187       1 dockerd          0.1  1.0
   1362       1 containerd-shim  0.0  0.2
   1384    1362 python          15.0 10.8
   1616    1145 sshd-session     0.0  0.1
   1622       1 systemd          0.0  0.1
   1624    1622 (sd-pam)         0.0  0.0
   1642    1622 mpris-proxy      0.0  0.0
   1643    1622 dbus-daemon      0.0  0.0
   1649    1616 sshd-session     0.0  0.0
   1650    1649 bash             0.0  0.0
   1681    1650 tmux: client     0.0  0.0
   1683       1 tmux: server     0.0  0.0
   1684    1683 bash             0.0  0.0
   3030       2 kworker/0:0-eve  0.0  0.0
   3053       2 kworker/1:1-mm_  0.0  0.0
   3097       2 kworker/3:1-eve  0.0  0.0
   3192       2 kworker/2:1-eve  0.0  0.0
   3656       2 kworker/1:0H     0.0  0.0
   3674       2 kworker/0:0H     0.0  0.0
   4252    1127 sleep            0.0  0.0
   4340    1684 bash             0.0  0.0
   4459    4340 bash             0.0  0.0
   4460    4459 ps               0.0  0.0
