2026-09-27T23:57:40Z [api-latency] Starting target=http://localhost:1607 results=/home/pi/experiments/logs/2026-09-27T23-57-40_api-latency_DeQove; collecting metadata
2026-09-27T23:57:41Z [api-latency] Running Docker containers:
2026-09-27T23:57:41Z [api-latency] docker-ps: NAMES     STATUS                    PORTS
2026-09-27T23:57:41Z [api-latency] docker-ps: vehicle   Up 17 minutes (healthy)   
2026-09-27T23:57:41Z [api-latency] Exactly one Docker container is running; selecting container=vehicle
2026-09-27T23:57:41Z [api-latency] Using existing Docker container=vehicle state=running
2026-09-27T23:57:41Z [api-latency] API estimated upper remaining time remaining_s=399 (collection budget; cleanup follows)
2026-09-27T23:57:41Z [api-latency] health=1 http=200 valid=true latency_s=0.000885 camera=true yolo=true detection=false follow=false
2026-09-27T23:57:41Z [api-latency] request=1/100 remaining_requests=99 elapsed_s=0
2026-09-27T23:57:42Z [api-latency] API estimated upper remaining time remaining_s=398
2026-09-27T23:57:42Z [api-latency] health=2 http=200 valid=true latency_s=0.000860 camera=true yolo=true detection=false follow=false
2026-09-27T23:57:42Z [api-latency] request=2/100 remaining_requests=98 elapsed_s=1
2026-09-27T23:57:43Z [api-latency] API estimated upper remaining time remaining_s=397
2026-09-27T23:57:43Z [api-latency] health=3 http=200 valid=true latency_s=0.000880 camera=true yolo=true detection=false follow=false
2026-09-27T23:57:43Z [api-latency] request=3/100 remaining_requests=97 elapsed_s=2
2026-09-27T23:57:44Z [api-latency] API estimated upper remaining time remaining_s=396
2026-09-27T23:57:44Z [api-latency] health=4 http=200 valid=true latency_s=0.000822 camera=true yolo=true detection=false follow=false
2026-09-27T23:57:44Z [api-latency] request=4/100 remaining_requests=96 elapsed_s=3
2026-09-27T23:57:45Z [api-latency] API estimated upper remaining time remaining_s=395
2026-09-27T23:57:45Z [api-latency] health=5 http=200 valid=true latency_s=0.000820 camera=true yolo=true detection=false follow=false
2026-09-27T23:57:45Z [api-latency] request=5/100 remaining_requests=95 elapsed_s=4
2026-09-27T23:57:46Z [api-latency] API estimated upper remaining time remaining_s=394
2026-09-27T23:57:46Z [api-latency] health=6 http=200 valid=true latency_s=0.001091 camera=true yolo=true detection=false follow=false
2026-09-27T23:57:46Z [api-latency] request=6/100 remaining_requests=94 elapsed_s=5
2026-09-27T23:57:47Z [api-latency] API estimated upper remaining time remaining_s=393
2026-09-27T23:57:47Z [api-latency] health=7 http=200 valid=true latency_s=0.001005 camera=true yolo=true detection=false follow=false
2026-09-27T23:57:47Z [api-latency] request=7/100 remaining_requests=93 elapsed_s=6
2026-09-27T23:57:48Z [api-latency] API estimated upper remaining time remaining_s=392
2026-09-27T23:57:48Z [api-latency] health=8 http=200 valid=true latency_s=0.001136 camera=true yolo=true detection=false follow=false
2026-09-27T23:57:48Z [api-latency] request=8/100 remaining_requests=92 elapsed_s=7
2026-09-27T23:57:49Z [api-latency] API estimated upper remaining time remaining_s=391
2026-09-27T23:57:49Z [api-latency] health=9 http=200 valid=true latency_s=0.001086 camera=true yolo=true detection=false follow=false
2026-09-27T23:57:49Z [api-latency] request=9/100 remaining_requests=91 elapsed_s=8
2026-09-27T23:57:50Z [api-latency] API estimated upper remaining time remaining_s=390
2026-09-27T23:57:50Z [api-latency] health=10 http=200 valid=true latency_s=0.001049 camera=true yolo=true detection=false follow=false
2026-09-27T23:57:50Z [api-latency] request=10/100 remaining_requests=90 elapsed_s=9
2026-09-27T23:57:51Z [api-latency] API estimated upper remaining time remaining_s=389
2026-09-27T23:57:51Z [api-latency] health=11 http=200 valid=true latency_s=0.001068 camera=true yolo=true detection=false follow=false
2026-09-27T23:57:51Z [api-latency] request=11/100 remaining_requests=89 elapsed_s=10
2026-09-27T23:57:52Z [api-latency] API estimated upper remaining time remaining_s=388
2026-09-27T23:57:52Z [api-latency] health=12 http=200 valid=true latency_s=0.000996 camera=true yolo=true detection=false follow=false
2026-09-27T23:57:52Z [api-latency] request=12/100 remaining_requests=88 elapsed_s=11
2026-09-27T23:57:53Z [api-latency] API estimated upper remaining time remaining_s=387
2026-09-27T23:57:53Z [api-latency] health=13 http=200 valid=true latency_s=0.001019 camera=true yolo=true detection=false follow=false
2026-09-27T23:57:53Z [api-latency] request=13/100 remaining_requests=87 elapsed_s=12
2026-09-27T23:57:54Z [api-latency] API estimated upper remaining time remaining_s=386
2026-09-27T23:57:54Z [api-latency] health=14 http=200 valid=true latency_s=0.004555 camera=true yolo=true detection=false follow=false
2026-09-27T23:57:54Z [api-latency] request=14/100 remaining_requests=86 elapsed_s=13
2026-09-27T23:57:55Z [api-latency] API estimated upper remaining time remaining_s=385
2026-09-27T23:57:55Z [api-latency] health=15 http=200 valid=true latency_s=0.001036 camera=true yolo=true detection=false follow=false
2026-09-27T23:57:55Z [api-latency] request=15/100 remaining_requests=85 elapsed_s=14
2026-09-27T23:57:56Z [api-latency] API estimated upper remaining time remaining_s=384
2026-09-27T23:57:57Z [api-latency] health=16 http=200 valid=true latency_s=0.001045 camera=true yolo=true detection=false follow=false
2026-09-27T23:57:57Z [api-latency] request=16/100 remaining_requests=84 elapsed_s=16
2026-09-27T23:57:57Z [api-latency] API estimated upper remaining time remaining_s=383
2026-09-27T23:57:58Z [api-latency] health=17 http=200 valid=true latency_s=0.001056 camera=true yolo=true detection=false follow=false
2026-09-27T23:57:58Z [api-latency] request=17/100 remaining_requests=83 elapsed_s=17
2026-09-27T23:57:58Z [api-latency] API estimated upper remaining time remaining_s=382
2026-09-27T23:57:59Z [api-latency] health=18 http=200 valid=true latency_s=0.001030 camera=true yolo=true detection=false follow=false
2026-09-27T23:57:59Z [api-latency] request=18/100 remaining_requests=82 elapsed_s=18
2026-09-27T23:57:59Z [api-latency] API estimated upper remaining time remaining_s=381
2026-09-27T23:58:00Z [api-latency] health=19 http=200 valid=true latency_s=0.000998 camera=true yolo=true detection=false follow=false
2026-09-27T23:58:00Z [api-latency] request=19/100 remaining_requests=81 elapsed_s=19
2026-09-27T23:58:00Z [api-latency] API estimated upper remaining time remaining_s=380
2026-09-27T23:58:01Z [api-latency] health=20 http=200 valid=true latency_s=0.001023 camera=true yolo=true detection=false follow=false
2026-09-27T23:58:01Z [api-latency] request=20/100 remaining_requests=80 elapsed_s=20
2026-09-27T23:58:01Z [api-latency] API estimated upper remaining time remaining_s=379
2026-09-27T23:58:02Z [api-latency] health=21 http=200 valid=true latency_s=0.001068 camera=true yolo=true detection=false follow=false
2026-09-27T23:58:02Z [api-latency] request=21/100 remaining_requests=79 elapsed_s=21
2026-09-27T23:58:02Z [api-latency] API estimated upper remaining time remaining_s=378
2026-09-27T23:58:03Z [api-latency] API estimated upper remaining time remaining_s=377
2026-09-27T23:58:03Z [api-latency] health=22 http=200 valid=true latency_s=0.001042 camera=true yolo=true detection=false follow=false
2026-09-27T23:58:03Z [api-latency] request=22/100 remaining_requests=78 elapsed_s=22
2026-09-27T23:58:04Z [api-latency] API estimated upper remaining time remaining_s=376
2026-09-27T23:58:04Z [api-latency] health=23 http=200 valid=true latency_s=0.001057 camera=true yolo=true detection=false follow=false
2026-09-27T23:58:04Z [api-latency] request=23/100 remaining_requests=77 elapsed_s=23
2026-09-27T23:58:05Z [api-latency] API estimated upper remaining time remaining_s=375
2026-09-27T23:58:05Z [api-latency] health=24 http=200 valid=true latency_s=0.000994 camera=true yolo=true detection=false follow=false
2026-09-27T23:58:05Z [api-latency] request=24/100 remaining_requests=76 elapsed_s=24
2026-09-27T23:58:06Z [api-latency] API estimated upper remaining time remaining_s=374
2026-09-27T23:58:06Z [api-latency] health=25 http=200 valid=true latency_s=0.001044 camera=true yolo=true detection=false follow=false
2026-09-27T23:58:06Z [api-latency] request=25/100 remaining_requests=75 elapsed_s=25
2026-09-27T23:58:07Z [api-latency] API estimated upper remaining time remaining_s=373
2026-09-27T23:58:07Z [api-latency] health=26 http=200 valid=true latency_s=0.001081 camera=true yolo=true detection=false follow=false
2026-09-27T23:58:07Z [api-latency] request=26/100 remaining_requests=74 elapsed_s=26
2026-09-27T23:58:08Z [api-latency] API estimated upper remaining time remaining_s=372
2026-09-27T23:58:08Z [api-latency] health=27 http=200 valid=true latency_s=0.001034 camera=true yolo=true detection=false follow=false
2026-09-27T23:58:08Z [api-latency] request=27/100 remaining_requests=73 elapsed_s=27
2026-09-27T23:58:09Z [api-latency] API estimated upper remaining time remaining_s=371
2026-09-27T23:58:09Z [api-latency] health=28 http=200 valid=true latency_s=0.001040 camera=true yolo=true detection=false follow=false
2026-09-27T23:58:09Z [api-latency] request=28/100 remaining_requests=72 elapsed_s=28
2026-09-27T23:58:10Z [api-latency] API estimated upper remaining time remaining_s=370
2026-09-27T23:58:10Z [api-latency] health=29 http=200 valid=true latency_s=0.001278 camera=true yolo=true detection=false follow=false
2026-09-27T23:58:10Z [api-latency] request=29/100 remaining_requests=71 elapsed_s=29
2026-09-27T23:58:11Z [api-latency] API estimated upper remaining time remaining_s=369
2026-09-27T23:58:11Z [api-latency] health=30 http=200 valid=true latency_s=0.001093 camera=true yolo=true detection=false follow=false
2026-09-27T23:58:11Z [api-latency] request=30/100 remaining_requests=70 elapsed_s=30
2026-09-27T23:58:12Z [api-latency] API estimated upper remaining time remaining_s=368
2026-09-27T23:58:12Z [api-latency] health=31 http=200 valid=true latency_s=0.001102 camera=true yolo=true detection=false follow=false
2026-09-27T23:58:12Z [api-latency] request=31/100 remaining_requests=69 elapsed_s=31
2026-09-27T23:58:13Z [api-latency] API estimated upper remaining time remaining_s=367
2026-09-27T23:58:13Z [api-latency] health=32 http=200 valid=true latency_s=0.001004 camera=true yolo=true detection=false follow=false
2026-09-27T23:58:13Z [api-latency] request=32/100 remaining_requests=68 elapsed_s=32
2026-09-27T23:58:14Z [api-latency] API estimated upper remaining time remaining_s=366
2026-09-27T23:58:14Z [api-latency] health=33 http=200 valid=true latency_s=0.001078 camera=true yolo=true detection=false follow=false
2026-09-27T23:58:14Z [api-latency] request=33/100 remaining_requests=67 elapsed_s=33
2026-09-27T23:58:15Z [api-latency] API estimated upper remaining time remaining_s=365
2026-09-27T23:58:15Z [api-latency] health=34 http=200 valid=true latency_s=0.003107 camera=true yolo=true detection=false follow=false
2026-09-27T23:58:15Z [api-latency] request=34/100 remaining_requests=66 elapsed_s=34
2026-09-27T23:58:16Z [api-latency] API estimated upper remaining time remaining_s=364
2026-09-27T23:58:17Z [api-latency] health=35 http=200 valid=true latency_s=0.001071 camera=true yolo=true detection=false follow=false
2026-09-27T23:58:17Z [api-latency] request=35/100 remaining_requests=65 elapsed_s=36
2026-09-27T23:58:17Z [api-latency] API estimated upper remaining time remaining_s=363
2026-09-27T23:58:18Z [api-latency] health=36 http=200 valid=true latency_s=0.001091 camera=true yolo=true detection=false follow=false
2026-09-27T23:58:18Z [api-latency] request=36/100 remaining_requests=64 elapsed_s=37
2026-09-27T23:58:18Z [api-latency] API estimated upper remaining time remaining_s=362
2026-09-27T23:58:19Z [api-latency] health=37 http=200 valid=true latency_s=0.001097 camera=true yolo=true detection=false follow=false
2026-09-27T23:58:19Z [api-latency] request=37/100 remaining_requests=63 elapsed_s=38
2026-09-27T23:58:19Z [api-latency] API estimated upper remaining time remaining_s=361
2026-09-27T23:58:20Z [api-latency] health=38 http=200 valid=true latency_s=0.001130 camera=true yolo=true detection=false follow=false
2026-09-27T23:58:20Z [api-latency] request=38/100 remaining_requests=62 elapsed_s=39
2026-09-27T23:58:20Z [api-latency] API estimated upper remaining time remaining_s=360
2026-09-27T23:58:21Z [api-latency] health=39 http=200 valid=true latency_s=0.001011 camera=true yolo=true detection=false follow=false
2026-09-27T23:58:21Z [api-latency] request=39/100 remaining_requests=61 elapsed_s=40
2026-09-27T23:58:21Z [api-latency] API estimated upper remaining time remaining_s=359
2026-09-27T23:58:22Z [api-latency] health=40 http=200 valid=true latency_s=0.001084 camera=true yolo=true detection=false follow=false
2026-09-27T23:58:22Z [api-latency] request=40/100 remaining_requests=60 elapsed_s=41
2026-09-27T23:58:22Z [api-latency] API estimated upper remaining time remaining_s=358
2026-09-27T23:58:23Z [api-latency] health=41 http=200 valid=true latency_s=0.001060 camera=true yolo=true detection=false follow=false
2026-09-27T23:58:23Z [api-latency] request=41/100 remaining_requests=59 elapsed_s=42
2026-09-27T23:58:23Z [api-latency] API estimated upper remaining time remaining_s=357
2026-09-27T23:58:24Z [api-latency] health=42 http=200 valid=true latency_s=0.001051 camera=true yolo=true detection=false follow=false
2026-09-27T23:58:24Z [api-latency] request=42/100 remaining_requests=58 elapsed_s=43
2026-09-27T23:58:24Z [api-latency] API estimated upper remaining time remaining_s=356
2026-09-27T23:58:25Z [api-latency] API estimated upper remaining time remaining_s=355
2026-09-27T23:58:25Z [api-latency] health=43 http=200 valid=true latency_s=0.001160 camera=true yolo=true detection=false follow=false
2026-09-27T23:58:25Z [api-latency] request=43/100 remaining_requests=57 elapsed_s=44
2026-09-27T23:58:26Z [api-latency] API estimated upper remaining time remaining_s=354
2026-09-27T23:58:26Z [api-latency] health=44 http=200 valid=true latency_s=0.001024 camera=true yolo=true detection=false follow=false
2026-09-27T23:58:26Z [api-latency] request=44/100 remaining_requests=56 elapsed_s=45
2026-09-27T23:58:27Z [api-latency] API estimated upper remaining time remaining_s=353
2026-09-27T23:58:27Z [api-latency] health=45 http=200 valid=true latency_s=0.001334 camera=true yolo=true detection=false follow=false
2026-09-27T23:58:27Z [api-latency] request=45/100 remaining_requests=55 elapsed_s=46
2026-09-27T23:58:28Z [api-latency] API estimated upper remaining time remaining_s=352
2026-09-27T23:58:28Z [api-latency] health=46 http=200 valid=true latency_s=0.002497 camera=true yolo=true detection=false follow=false
2026-09-27T23:58:28Z [api-latency] request=46/100 remaining_requests=54 elapsed_s=47
2026-09-27T23:58:29Z [api-latency] API estimated upper remaining time remaining_s=351
2026-09-27T23:58:29Z [api-latency] health=47 http=200 valid=true latency_s=0.001189 camera=true yolo=true detection=false follow=false
2026-09-27T23:58:29Z [api-latency] request=47/100 remaining_requests=53 elapsed_s=48
2026-09-27T23:58:30Z [api-latency] API estimated upper remaining time remaining_s=350
2026-09-27T23:58:30Z [api-latency] health=48 http=200 valid=true latency_s=0.001082 camera=true yolo=true detection=false follow=false
2026-09-27T23:58:30Z [api-latency] request=48/100 remaining_requests=52 elapsed_s=49
2026-09-27T23:58:31Z [api-latency] API estimated upper remaining time remaining_s=349
2026-09-27T23:58:31Z [api-latency] health=49 http=200 valid=true latency_s=0.001171 camera=true yolo=true detection=false follow=false
2026-09-27T23:58:31Z [api-latency] request=49/100 remaining_requests=51 elapsed_s=50
2026-09-27T23:58:32Z [api-latency] API estimated upper remaining time remaining_s=348
2026-09-27T23:58:32Z [api-latency] health=50 http=200 valid=true latency_s=0.001082 camera=true yolo=true detection=false follow=false
2026-09-27T23:58:32Z [api-latency] request=50/100 remaining_requests=50 elapsed_s=51
2026-09-27T23:58:33Z [api-latency] API estimated upper remaining time remaining_s=347
2026-09-27T23:58:33Z [api-latency] health=51 http=200 valid=true latency_s=0.004177 camera=true yolo=true detection=false follow=false
2026-09-27T23:58:33Z [api-latency] request=51/100 remaining_requests=49 elapsed_s=52
2026-09-27T23:58:34Z [api-latency] API estimated upper remaining time remaining_s=346
2026-09-27T23:58:34Z [api-latency] health=52 http=200 valid=true latency_s=0.001098 camera=true yolo=true detection=false follow=false
2026-09-27T23:58:34Z [api-latency] request=52/100 remaining_requests=48 elapsed_s=53
2026-09-27T23:58:35Z [api-latency] API estimated upper remaining time remaining_s=345
2026-09-27T23:58:35Z [api-latency] health=53 http=200 valid=true latency_s=0.001175 camera=true yolo=true detection=false follow=false
2026-09-27T23:58:35Z [api-latency] request=53/100 remaining_requests=47 elapsed_s=54
2026-09-27T23:58:36Z [api-latency] API estimated upper remaining time remaining_s=344
2026-09-27T23:58:36Z [api-latency] health=54 http=200 valid=true latency_s=0.001048 camera=true yolo=true detection=false follow=false
2026-09-27T23:58:36Z [api-latency] request=54/100 remaining_requests=46 elapsed_s=55
2026-09-27T23:58:37Z [api-latency] API estimated upper remaining time remaining_s=343
2026-09-27T23:58:38Z [api-latency] health=55 http=200 valid=true latency_s=0.001152 camera=true yolo=true detection=false follow=false
2026-09-27T23:58:38Z [api-latency] request=55/100 remaining_requests=45 elapsed_s=57
2026-09-27T23:58:38Z [api-latency] API estimated upper remaining time remaining_s=342
2026-09-27T23:58:39Z [api-latency] health=56 http=200 valid=true latency_s=0.001015 camera=true yolo=true detection=false follow=false
2026-09-27T23:58:39Z [api-latency] request=56/100 remaining_requests=44 elapsed_s=58
2026-09-27T23:58:39Z [api-latency] API estimated upper remaining time remaining_s=341
2026-09-27T23:58:40Z [api-latency] health=57 http=200 valid=true latency_s=0.001143 camera=true yolo=true detection=false follow=false
2026-09-27T23:58:40Z [api-latency] request=57/100 remaining_requests=43 elapsed_s=59
2026-09-27T23:58:40Z [api-latency] API estimated upper remaining time remaining_s=340
2026-09-27T23:58:41Z [api-latency] health=58 http=200 valid=true latency_s=0.001070 camera=true yolo=true detection=false follow=false
2026-09-27T23:58:41Z [api-latency] request=58/100 remaining_requests=42 elapsed_s=60
2026-09-27T23:58:41Z [api-latency] API estimated upper remaining time remaining_s=339
2026-09-27T23:58:42Z [api-latency] health=59 http=200 valid=true latency_s=0.001146 camera=true yolo=true detection=false follow=false
2026-09-27T23:58:42Z [api-latency] request=59/100 remaining_requests=41 elapsed_s=61
2026-09-27T23:58:42Z [api-latency] API estimated upper remaining time remaining_s=338
2026-09-27T23:58:43Z [api-latency] health=60 http=200 valid=true latency_s=0.001071 camera=true yolo=true detection=false follow=false
2026-09-27T23:58:43Z [api-latency] request=60/100 remaining_requests=40 elapsed_s=62
2026-09-27T23:58:43Z [api-latency] API estimated upper remaining time remaining_s=337
2026-09-27T23:58:44Z [api-latency] health=61 http=200 valid=true latency_s=0.001097 camera=true yolo=true detection=false follow=false
2026-09-27T23:58:44Z [api-latency] request=61/100 remaining_requests=39 elapsed_s=63
2026-09-27T23:58:44Z [api-latency] API estimated upper remaining time remaining_s=336
2026-09-27T23:58:45Z [api-latency] health=62 http=200 valid=true latency_s=0.001077 camera=true yolo=true detection=false follow=false
2026-09-27T23:58:45Z [api-latency] request=62/100 remaining_requests=38 elapsed_s=64
2026-09-27T23:58:45Z [api-latency] API estimated upper remaining time remaining_s=335
2026-09-27T23:58:46Z [api-latency] health=63 http=200 valid=true latency_s=0.001098 camera=true yolo=true detection=false follow=false
2026-09-27T23:58:46Z [api-latency] request=63/100 remaining_requests=37 elapsed_s=65
2026-09-27T23:58:46Z [api-latency] API estimated upper remaining time remaining_s=334
2026-09-27T23:58:47Z [api-latency] API estimated upper remaining time remaining_s=333
2026-09-27T23:58:47Z [api-latency] health=64 http=200 valid=true latency_s=0.001330 camera=true yolo=true detection=false follow=false
2026-09-27T23:58:47Z [api-latency] request=64/100 remaining_requests=36 elapsed_s=66
2026-09-27T23:58:48Z [api-latency] API estimated upper remaining time remaining_s=332
2026-09-27T23:58:48Z [api-latency] health=65 http=200 valid=true latency_s=0.001098 camera=true yolo=true detection=false follow=false
2026-09-27T23:58:48Z [api-latency] request=65/100 remaining_requests=35 elapsed_s=67
2026-09-27T23:58:49Z [api-latency] API estimated upper remaining time remaining_s=331
2026-09-27T23:58:49Z [api-latency] health=66 http=200 valid=true latency_s=0.004204 camera=true yolo=true detection=false follow=false
2026-09-27T23:58:49Z [api-latency] request=66/100 remaining_requests=34 elapsed_s=68
2026-09-27T23:58:50Z [api-latency] API estimated upper remaining time remaining_s=330
2026-09-27T23:58:50Z [api-latency] health=67 http=200 valid=true latency_s=0.001163 camera=true yolo=true detection=false follow=false
2026-09-27T23:58:50Z [api-latency] request=67/100 remaining_requests=33 elapsed_s=69
2026-09-27T23:58:51Z [api-latency] API estimated upper remaining time remaining_s=329
2026-09-27T23:58:51Z [api-latency] health=68 http=200 valid=true latency_s=0.001134 camera=true yolo=true detection=false follow=false
2026-09-27T23:58:51Z [api-latency] request=68/100 remaining_requests=32 elapsed_s=70
2026-09-27T23:58:52Z [api-latency] API estimated upper remaining time remaining_s=328
2026-09-27T23:58:52Z [api-latency] health=69 http=200 valid=true latency_s=0.001132 camera=true yolo=true detection=false follow=false
2026-09-27T23:58:52Z [api-latency] request=69/100 remaining_requests=31 elapsed_s=71
2026-09-27T23:58:53Z [api-latency] API estimated upper remaining time remaining_s=327
2026-09-27T23:58:53Z [api-latency] health=70 http=200 valid=true latency_s=0.001077 camera=true yolo=true detection=false follow=false
2026-09-27T23:58:53Z [api-latency] request=70/100 remaining_requests=30 elapsed_s=72
2026-09-27T23:58:54Z [api-latency] API estimated upper remaining time remaining_s=326
2026-09-27T23:58:54Z [api-latency] health=71 http=200 valid=true latency_s=0.003032 camera=true yolo=true detection=false follow=false
2026-09-27T23:58:54Z [api-latency] request=71/100 remaining_requests=29 elapsed_s=73
2026-09-27T23:58:55Z [api-latency] API estimated upper remaining time remaining_s=325
2026-09-27T23:58:55Z [api-latency] health=72 http=200 valid=true latency_s=0.001080 camera=true yolo=true detection=false follow=false
2026-09-27T23:58:55Z [api-latency] request=72/100 remaining_requests=28 elapsed_s=74
2026-09-27T23:58:56Z [api-latency] API estimated upper remaining time remaining_s=324
2026-09-27T23:58:56Z [api-latency] health=73 http=200 valid=true latency_s=0.001050 camera=true yolo=true detection=false follow=false
2026-09-27T23:58:56Z [api-latency] request=73/100 remaining_requests=27 elapsed_s=75
2026-09-27T23:58:57Z [api-latency] API estimated upper remaining time remaining_s=323
2026-09-27T23:58:58Z [api-latency] health=74 http=200 valid=true latency_s=0.001071 camera=true yolo=true detection=false follow=false
2026-09-27T23:58:58Z [api-latency] request=74/100 remaining_requests=26 elapsed_s=77
2026-09-27T23:58:58Z [api-latency] API estimated upper remaining time remaining_s=322
2026-09-27T23:58:59Z [api-latency] health=75 http=200 valid=true latency_s=0.001147 camera=true yolo=true detection=false follow=false
2026-09-27T23:58:59Z [api-latency] request=75/100 remaining_requests=25 elapsed_s=78
2026-09-27T23:58:59Z [api-latency] API estimated upper remaining time remaining_s=321
2026-09-27T23:59:00Z [api-latency] health=76 http=200 valid=true latency_s=0.001046 camera=true yolo=true detection=false follow=false
2026-09-27T23:59:00Z [api-latency] request=76/100 remaining_requests=24 elapsed_s=79
2026-09-27T23:59:00Z [api-latency] API estimated upper remaining time remaining_s=320
2026-09-27T23:59:01Z [api-latency] health=77 http=200 valid=true latency_s=0.001017 camera=true yolo=true detection=false follow=false
2026-09-27T23:59:01Z [api-latency] request=77/100 remaining_requests=23 elapsed_s=80
2026-09-27T23:59:01Z [api-latency] API estimated upper remaining time remaining_s=319
2026-09-27T23:59:02Z [api-latency] health=78 http=200 valid=true latency_s=0.002120 camera=true yolo=true detection=false follow=false
2026-09-27T23:59:02Z [api-latency] request=78/100 remaining_requests=22 elapsed_s=81
2026-09-27T23:59:02Z [api-latency] API estimated upper remaining time remaining_s=318
2026-09-27T23:59:03Z [api-latency] health=79 http=200 valid=true latency_s=0.001236 camera=true yolo=true detection=false follow=false
2026-09-27T23:59:03Z [api-latency] request=79/100 remaining_requests=21 elapsed_s=82
2026-09-27T23:59:03Z [api-latency] API estimated upper remaining time remaining_s=317
2026-09-27T23:59:04Z [api-latency] health=80 http=200 valid=true latency_s=0.001057 camera=true yolo=true detection=false follow=false
2026-09-27T23:59:04Z [api-latency] request=80/100 remaining_requests=20 elapsed_s=83
2026-09-27T23:59:04Z [api-latency] API estimated upper remaining time remaining_s=316
2026-09-27T23:59:05Z [api-latency] health=81 http=200 valid=true latency_s=0.001000 camera=true yolo=true detection=false follow=false
2026-09-27T23:59:05Z [api-latency] request=81/100 remaining_requests=19 elapsed_s=84
2026-09-27T23:59:05Z [api-latency] API estimated upper remaining time remaining_s=315
2026-09-27T23:59:06Z [api-latency] health=82 http=200 valid=true latency_s=0.001042 camera=true yolo=true detection=false follow=false
2026-09-27T23:59:06Z [api-latency] request=82/100 remaining_requests=18 elapsed_s=85
2026-09-27T23:59:06Z [api-latency] API estimated upper remaining time remaining_s=314
2026-09-27T23:59:07Z [api-latency] health=83 http=200 valid=true latency_s=0.003727 camera=true yolo=true detection=false follow=false
2026-09-27T23:59:07Z [api-latency] request=83/100 remaining_requests=17 elapsed_s=86
2026-09-27T23:59:07Z [api-latency] API estimated upper remaining time remaining_s=313
2026-09-27T23:59:08Z [api-latency] API estimated upper remaining time remaining_s=312
2026-09-27T23:59:08Z [api-latency] health=84 http=200 valid=true latency_s=0.001053 camera=true yolo=true detection=false follow=false
2026-09-27T23:59:08Z [api-latency] request=84/100 remaining_requests=16 elapsed_s=87
2026-09-27T23:59:09Z [api-latency] API estimated upper remaining time remaining_s=311
2026-09-27T23:59:09Z [api-latency] health=85 http=200 valid=true latency_s=0.001263 camera=true yolo=true detection=false follow=false
2026-09-27T23:59:09Z [api-latency] request=85/100 remaining_requests=15 elapsed_s=88
2026-09-27T23:59:10Z [api-latency] API estimated upper remaining time remaining_s=310
2026-09-27T23:59:10Z [api-latency] health=86 http=200 valid=true latency_s=0.001020 camera=true yolo=true detection=false follow=false
2026-09-27T23:59:10Z [api-latency] request=86/100 remaining_requests=14 elapsed_s=89
2026-09-27T23:59:11Z [api-latency] API estimated upper remaining time remaining_s=309
2026-09-27T23:59:11Z [api-latency] health=87 http=200 valid=true latency_s=0.001047 camera=true yolo=true detection=false follow=false
2026-09-27T23:59:11Z [api-latency] request=87/100 remaining_requests=13 elapsed_s=90
2026-09-27T23:59:12Z [api-latency] API estimated upper remaining time remaining_s=308
2026-09-27T23:59:12Z [api-latency] health=88 http=200 valid=true latency_s=0.003298 camera=true yolo=true detection=false follow=false
2026-09-27T23:59:12Z [api-latency] request=88/100 remaining_requests=12 elapsed_s=91
2026-09-27T23:59:13Z [api-latency] API estimated upper remaining time remaining_s=307
2026-09-27T23:59:13Z [api-latency] health=89 http=200 valid=true latency_s=0.001034 camera=true yolo=true detection=false follow=false
2026-09-27T23:59:13Z [api-latency] request=89/100 remaining_requests=11 elapsed_s=92
2026-09-27T23:59:14Z [api-latency] API estimated upper remaining time remaining_s=306
2026-09-27T23:59:14Z [api-latency] health=90 http=200 valid=true latency_s=0.001072 camera=true yolo=true detection=false follow=false
2026-09-27T23:59:14Z [api-latency] request=90/100 remaining_requests=10 elapsed_s=93
2026-09-27T23:59:15Z [api-latency] API estimated upper remaining time remaining_s=305
2026-09-27T23:59:15Z [api-latency] health=91 http=200 valid=true latency_s=0.001101 camera=true yolo=true detection=false follow=false
2026-09-27T23:59:15Z [api-latency] request=91/100 remaining_requests=9 elapsed_s=94
2026-09-27T23:59:16Z [api-latency] API estimated upper remaining time remaining_s=304
2026-09-27T23:59:16Z [api-latency] health=92 http=200 valid=true latency_s=0.001073 camera=true yolo=true detection=false follow=false
2026-09-27T23:59:16Z [api-latency] request=92/100 remaining_requests=8 elapsed_s=95
2026-09-27T23:59:17Z [api-latency] API estimated upper remaining time remaining_s=303
2026-09-27T23:59:17Z [api-latency] health=93 http=200 valid=true latency_s=0.001015 camera=true yolo=true detection=false follow=false
2026-09-27T23:59:17Z [api-latency] request=93/100 remaining_requests=7 elapsed_s=96
2026-09-27T23:59:18Z [api-latency] API estimated upper remaining time remaining_s=302
2026-09-27T23:59:19Z [api-latency] health=94 http=200 valid=true latency_s=0.001068 camera=true yolo=true detection=false follow=false
2026-09-27T23:59:19Z [api-latency] request=94/100 remaining_requests=6 elapsed_s=98
2026-09-27T23:59:19Z [api-latency] API estimated upper remaining time remaining_s=301
2026-09-27T23:59:20Z [api-latency] health=95 http=200 valid=true latency_s=0.001050 camera=true yolo=true detection=false follow=false
2026-09-27T23:59:20Z [api-latency] request=95/100 remaining_requests=5 elapsed_s=99
2026-09-27T23:59:20Z [api-latency] API estimated upper remaining time remaining_s=300
2026-09-27T23:59:21Z [api-latency] health=96 http=200 valid=true latency_s=0.001085 camera=true yolo=true detection=false follow=false
2026-09-27T23:59:21Z [api-latency] request=96/100 remaining_requests=4 elapsed_s=100
2026-09-27T23:59:21Z [api-latency] API estimated upper remaining time remaining_s=299
2026-09-27T23:59:22Z [api-latency] health=97 http=200 valid=true latency_s=0.001038 camera=true yolo=true detection=false follow=false
2026-09-27T23:59:22Z [api-latency] request=97/100 remaining_requests=3 elapsed_s=101
2026-09-27T23:59:22Z [api-latency] API estimated upper remaining time remaining_s=298
2026-09-27T23:59:23Z [api-latency] health=98 http=200 valid=true latency_s=0.000997 camera=true yolo=true detection=false follow=false
2026-09-27T23:59:23Z [api-latency] request=98/100 remaining_requests=2 elapsed_s=102
2026-09-27T23:59:23Z [api-latency] API estimated upper remaining time remaining_s=297
2026-09-27T23:59:24Z [api-latency] health=99 http=200 valid=true latency_s=0.001035 camera=true yolo=true detection=false follow=false
2026-09-27T23:59:24Z [api-latency] request=99/100 remaining_requests=1 elapsed_s=103
2026-09-27T23:59:24Z [api-latency] API estimated upper remaining time remaining_s=296
2026-09-27T23:59:25Z [api-latency] health=100 http=200 valid=true latency_s=0.001043 camera=true yolo=true detection=false follow=false
2026-09-27T23:59:25Z [api-latency] request=100/100 remaining_requests=0 elapsed_s=104
2026-09-27T23:59:25Z [api-latency] Requests complete; generating latency summary
2026-09-27T23:59:25Z [api-latency] Finalizing: stopping workers, restoring state and collecting Docker logs
2026-09-27T23:59:25Z [api-latency] WARNING Docker logs unavailable or incomplete (timeout/permissions/container missing)
2026-09-27T23:59:25Z [api-latency] Finished exit_code=0 elapsed_s=105 results=/home/pi/experiments/logs/2026-09-27T23-57-40_api-latency_DeQove
