2026-09-28T00:53:20Z [follow-observation] Starting target=http://localhost:1607 results=/home/pi/experiments/logs/2026-09-28T00-53-20_follow-observation_CWyKNk; collecting metadata
2026-09-28T00:53:21Z [follow-observation] Running Docker containers:
2026-09-28T00:53:21Z [follow-observation] docker-ps: NAMES     STATUS                       PORTS
2026-09-28T00:53:21Z [follow-observation] docker-ps: vehicle   Up About an hour (healthy)   
2026-09-28T00:53:21Z [follow-observation] Exactly one Docker container is running; selecting container=vehicle
2026-09-28T00:53:21Z [follow-observation] Using existing Docker container=vehicle state=running
2026-09-28T00:53:21Z [follow-observation] phase=observed_state remaining_s=60 (collection budget; cleanup follows)
2026-09-28T00:53:21Z [follow-observation] health=1 http=200 valid=true latency_s=0.000877 camera=true yolo=true detection=false follow=false
2026-09-28T00:53:21Z [follow-observation] phase=observed_state sample=1 cpu_pct=NA ram_used_total_kib=1042464,8255824 temp_c=62.25 throttled=0x50000 container=running restarts=0
2026-09-28T00:53:22Z [follow-observation] phase=observed_state remaining_s=59
2026-09-28T00:53:23Z [follow-observation] phase=observed_state remaining_s=58
2026-09-28T00:53:24Z [follow-observation] phase=observed_state remaining_s=57
2026-09-28T00:53:25Z [follow-observation] phase=observed_state remaining_s=56
2026-09-28T00:53:26Z [follow-observation] phase=observed_state remaining_s=55
2026-09-28T00:53:26Z [follow-observation] health=2 http=200 valid=true latency_s=0.001095 camera=true yolo=true detection=false follow=false
2026-09-28T00:53:26Z [follow-observation] phase=observed_state sample=2 cpu_pct=3.309 ram_used_total_kib=1040160,8255824 temp_c=62.25 throttled=0x50000 container=running restarts=0
2026-09-28T00:53:27Z [follow-observation] phase=observed_state remaining_s=54
2026-09-28T00:53:28Z [follow-observation] phase=observed_state remaining_s=53
2026-09-28T00:53:29Z [follow-observation] phase=observed_state remaining_s=52
2026-09-28T00:53:30Z [follow-observation] phase=observed_state remaining_s=51
2026-09-28T00:53:31Z [follow-observation] phase=observed_state remaining_s=50
2026-09-28T00:53:31Z [follow-observation] health=3 http=200 valid=true latency_s=0.002071 camera=true yolo=true detection=false follow=false
2026-09-28T00:53:31Z [follow-observation] phase=observed_state sample=3 cpu_pct=4.442 ram_used_total_kib=1023568,8255824 temp_c=61.15 throttled=0x50000 container=running restarts=0
2026-09-28T00:53:32Z [follow-observation] phase=observed_state remaining_s=49
2026-09-28T00:53:33Z [follow-observation] phase=observed_state remaining_s=48
2026-09-28T00:53:34Z [follow-observation] phase=observed_state remaining_s=47
2026-09-28T00:53:35Z [follow-observation] phase=observed_state remaining_s=46
2026-09-28T00:53:36Z [follow-observation] phase=observed_state remaining_s=45
2026-09-28T00:53:36Z [follow-observation] health=4 http=200 valid=true latency_s=0.001092 camera=true yolo=true detection=false follow=false
2026-09-28T00:53:36Z [follow-observation] phase=observed_state sample=4 cpu_pct=4.286 ram_used_total_kib=1021504,8255824 temp_c=61.15 throttled=0x50000 container=running restarts=0
2026-09-28T00:53:37Z [follow-observation] phase=observed_state remaining_s=44
2026-09-28T00:53:38Z [follow-observation] phase=observed_state remaining_s=43
2026-09-28T00:53:39Z [follow-observation] phase=observed_state remaining_s=42
2026-09-28T00:53:40Z [follow-observation] phase=observed_state remaining_s=41
2026-09-28T00:53:41Z [follow-observation] phase=observed_state remaining_s=40
2026-09-28T00:53:41Z [follow-observation] health=5 http=200 valid=true latency_s=0.001124 camera=true yolo=true detection=false follow=false
2026-09-28T00:53:41Z [follow-observation] phase=observed_state sample=5 cpu_pct=4.393 ram_used_total_kib=1015104,8255824 temp_c=60.6 throttled=0x50000 container=running restarts=0
2026-09-28T00:53:42Z [follow-observation] phase=observed_state remaining_s=39
2026-09-28T00:53:43Z [follow-observation] phase=observed_state remaining_s=38
2026-09-28T00:53:44Z [follow-observation] phase=observed_state remaining_s=37
2026-09-28T00:53:45Z [follow-observation] phase=observed_state remaining_s=36
2026-09-28T00:53:46Z [follow-observation] phase=observed_state remaining_s=35
2026-09-28T00:53:46Z [follow-observation] health=6 http=200 valid=true latency_s=0.001152 camera=true yolo=true detection=false follow=false
2026-09-28T00:53:46Z [follow-observation] phase=observed_state sample=6 cpu_pct=3.436 ram_used_total_kib=1010144,8255824 temp_c=61.7 throttled=0x50000 container=running restarts=0
2026-09-28T00:53:47Z [follow-observation] phase=observed_state remaining_s=34
2026-09-28T00:53:48Z [follow-observation] phase=observed_state remaining_s=33
2026-09-28T00:53:49Z [follow-observation] phase=observed_state remaining_s=32
2026-09-28T00:53:50Z [follow-observation] phase=observed_state remaining_s=31
2026-09-28T00:53:51Z [follow-observation] phase=observed_state remaining_s=30
2026-09-28T00:53:51Z [follow-observation] health=7 http=200 valid=true latency_s=0.001189 camera=true yolo=true detection=false follow=false
2026-09-28T00:53:51Z [follow-observation] phase=observed_state sample=7 cpu_pct=3.642 ram_used_total_kib=1014464,8255824 temp_c=62.8 throttled=0x50000 container=running restarts=0
2026-09-28T00:53:52Z [follow-observation] phase=observed_state remaining_s=29
2026-09-28T00:53:53Z [follow-observation] phase=observed_state remaining_s=28
2026-09-28T00:53:54Z [follow-observation] phase=observed_state remaining_s=27
2026-09-28T00:53:55Z [follow-observation] phase=observed_state remaining_s=26
2026-09-28T00:53:56Z [follow-observation] phase=observed_state remaining_s=25
2026-09-28T00:53:56Z [follow-observation] health=8 http=200 valid=true latency_s=0.001130 camera=true yolo=true detection=false follow=false
2026-09-28T00:53:56Z [follow-observation] phase=observed_state sample=8 cpu_pct=4.926 ram_used_total_kib=1017200,8255824 temp_c=61.7 throttled=0x50000 container=running restarts=0
2026-09-28T00:53:57Z [follow-observation] phase=observed_state remaining_s=24
2026-09-28T00:53:58Z [follow-observation] phase=observed_state remaining_s=23
2026-09-28T00:53:59Z [follow-observation] phase=observed_state remaining_s=22
2026-09-28T00:54:00Z [follow-observation] phase=observed_state remaining_s=21
2026-09-28T00:54:01Z [follow-observation] phase=observed_state remaining_s=20
2026-09-28T00:54:02Z [follow-observation] health=9 http=200 valid=true latency_s=0.000998 camera=true yolo=true detection=false follow=false
2026-09-28T00:54:02Z [follow-observation] phase=observed_state sample=9 cpu_pct=4.489 ram_used_total_kib=1021008,8255824 temp_c=61.7 throttled=0x50000 container=running restarts=0
2026-09-28T00:54:02Z [follow-observation] phase=observed_state remaining_s=19
2026-09-28T00:54:03Z [follow-observation] phase=observed_state remaining_s=18
2026-09-28T00:54:04Z [follow-observation] phase=observed_state remaining_s=17
2026-09-28T00:54:05Z [follow-observation] phase=observed_state remaining_s=16
2026-09-28T00:54:06Z [follow-observation] phase=observed_state remaining_s=15
2026-09-28T00:54:07Z [follow-observation] health=10 http=200 valid=true latency_s=0.001113 camera=true yolo=true detection=false follow=false
2026-09-28T00:54:07Z [follow-observation] phase=observed_state sample=10 cpu_pct=3.297 ram_used_total_kib=1013824,8255824 temp_c=63.35 throttled=0x50000 container=running restarts=0
2026-09-28T00:54:07Z [follow-observation] phase=observed_state remaining_s=14
2026-09-28T00:54:08Z [follow-observation] phase=observed_state remaining_s=13
2026-09-28T00:54:09Z [follow-observation] phase=observed_state remaining_s=12
2026-09-28T00:54:10Z [follow-observation] phase=observed_state remaining_s=11
2026-09-28T00:54:11Z [follow-observation] phase=observed_state remaining_s=10
2026-09-28T00:54:12Z [follow-observation] health=11 http=200 valid=true latency_s=0.001043 camera=true yolo=true detection=false follow=false
2026-09-28T00:54:12Z [follow-observation] phase=observed_state sample=11 cpu_pct=4.675 ram_used_total_kib=1015136,8255824 temp_c=61.7 throttled=0x50000 container=running restarts=0
2026-09-28T00:54:12Z [follow-observation] phase=observed_state remaining_s=9
2026-09-28T00:54:13Z [follow-observation] phase=observed_state remaining_s=8
2026-09-28T00:54:14Z [follow-observation] phase=observed_state remaining_s=7
2026-09-28T00:54:15Z [follow-observation] phase=observed_state remaining_s=6
2026-09-28T00:54:16Z [follow-observation] phase=observed_state remaining_s=5
2026-09-28T00:54:17Z [follow-observation] health=12 http=200 valid=true latency_s=0.002706 camera=true yolo=true detection=false follow=false
2026-09-28T00:54:17Z [follow-observation] phase=observed_state sample=12 cpu_pct=4.331 ram_used_total_kib=1016528,8255824 temp_c=61.15 throttled=0x50000 container=running restarts=0
2026-09-28T00:54:17Z [follow-observation] phase=observed_state remaining_s=4
2026-09-28T00:54:18Z [follow-observation] phase=observed_state remaining_s=3
2026-09-28T00:54:19Z [follow-observation] phase=observed_state remaining_s=2
2026-09-28T00:54:20Z [follow-observation] phase=observed_state remaining_s=1
2026-09-28T00:54:21Z [follow-observation] phase=observed_state remaining_s=0 collection complete
2026-09-28T00:54:21Z [follow-observation] Finalizing: stopping workers, restoring state and collecting Docker logs
2026-09-28T00:54:21Z [follow-observation] WARNING Docker logs unavailable or incomplete (timeout/permissions/container missing)
2026-09-28T00:54:21Z [follow-observation] Finished exit_code=0 elapsed_s=61 results=/home/pi/experiments/logs/2026-09-28T00-53-20_follow-observation_CWyKNk
