2026-09-28T00:51:20Z [stream-stability] Starting target=http://localhost:1607 results=/home/pi/experiments/logs/2026-09-28T00-51-20_stream-stability_8g0FwW; collecting metadata
2026-09-28T00:51:20Z [stream-stability] Running Docker containers:
2026-09-28T00:51:20Z [stream-stability] docker-ps: NAMES     STATUS                       PORTS
2026-09-28T00:51:20Z [stream-stability] docker-ps: vehicle   Up About an hour (healthy)   
2026-09-28T00:51:20Z [stream-stability] Exactly one Docker container is running; selecting container=vehicle
2026-09-28T00:51:20Z [stream-stability] Using existing Docker container=vehicle state=running
2026-09-28T00:51:20Z [stream-stability] phase=streaming remaining_s=60 (collection budget; cleanup follows)
2026-09-28T00:51:20Z [stream-stability] stream attempt=1 started budget_s=60
2026-09-28T00:51:21Z [stream-stability] health=1 http=200 valid=true latency_s=0.001188 camera=true yolo=true detection=false follow=false
2026-09-28T00:51:21Z [stream-stability] phase=streaming sample=1 cpu_pct=NA ram_used_total_kib=1046512,8255824 temp_c=61.15 throttled=0x50000 container=running restarts=0
2026-09-28T00:51:21Z [stream-stability] phase=streaming remaining_s=59
2026-09-28T00:51:22Z [stream-stability] phase=streaming remaining_s=58
2026-09-28T00:51:23Z [stream-stability] phase=streaming remaining_s=57
2026-09-28T00:51:24Z [stream-stability] phase=streaming remaining_s=56
2026-09-28T00:51:25Z [stream-stability] phase=streaming remaining_s=55
2026-09-28T00:51:26Z [stream-stability] health=2 http=200 valid=true latency_s=0.000885 camera=true yolo=true detection=false follow=false
2026-09-28T00:51:26Z [stream-stability] phase=streaming sample=2 cpu_pct=3.290 ram_used_total_kib=1036592,8255824 temp_c=62.8 throttled=0x50000 container=running restarts=0
2026-09-28T00:51:26Z [stream-stability] phase=streaming remaining_s=54
2026-09-28T00:51:27Z [stream-stability] phase=streaming remaining_s=53
2026-09-28T00:51:28Z [stream-stability] phase=streaming remaining_s=52
2026-09-28T00:51:29Z [stream-stability] phase=streaming remaining_s=51
2026-09-28T00:51:30Z [stream-stability] phase=streaming remaining_s=50
2026-09-28T00:51:31Z [stream-stability] health=3 http=200 valid=true latency_s=0.001014 camera=true yolo=true detection=false follow=false
2026-09-28T00:51:31Z [stream-stability] phase=streaming sample=3 cpu_pct=4.689 ram_used_total_kib=1038944,8255824 temp_c=60.05 throttled=0x50000 container=running restarts=0
2026-09-28T00:51:31Z [stream-stability] phase=streaming remaining_s=49
2026-09-28T00:51:32Z [stream-stability] phase=streaming remaining_s=48
2026-09-28T00:51:33Z [stream-stability] phase=streaming remaining_s=47
2026-09-28T00:51:34Z [stream-stability] phase=streaming remaining_s=46
2026-09-28T00:51:35Z [stream-stability] phase=streaming remaining_s=45
2026-09-28T00:51:36Z [stream-stability] health=4 http=200 valid=true latency_s=0.001121 camera=true yolo=true detection=false follow=false
2026-09-28T00:51:36Z [stream-stability] phase=streaming sample=4 cpu_pct=4.292 ram_used_total_kib=1028640,8255824 temp_c=60.6 throttled=0x50000 container=running restarts=0
2026-09-28T00:51:36Z [stream-stability] phase=streaming remaining_s=44
2026-09-28T00:51:37Z [stream-stability] phase=streaming remaining_s=43
2026-09-28T00:51:38Z [stream-stability] phase=streaming remaining_s=42
2026-09-28T00:51:39Z [stream-stability] phase=streaming remaining_s=41
2026-09-28T00:51:40Z [stream-stability] phase=streaming remaining_s=40
2026-09-28T00:51:41Z [stream-stability] health=5 http=200 valid=true latency_s=0.001121 camera=true yolo=true detection=false follow=false
2026-09-28T00:51:41Z [stream-stability] phase=streaming sample=5 cpu_pct=4.727 ram_used_total_kib=1019392,8255824 temp_c=59.5 throttled=0x50000 container=running restarts=0
2026-09-28T00:51:41Z [stream-stability] phase=streaming remaining_s=39
2026-09-28T00:51:42Z [stream-stability] phase=streaming remaining_s=38
2026-09-28T00:51:43Z [stream-stability] phase=streaming remaining_s=37
2026-09-28T00:51:44Z [stream-stability] phase=streaming remaining_s=36
2026-09-28T00:51:45Z [stream-stability] phase=streaming remaining_s=35
2026-09-28T00:51:46Z [stream-stability] health=6 http=200 valid=true latency_s=0.001031 camera=true yolo=true detection=false follow=false
2026-09-28T00:51:46Z [stream-stability] phase=streaming sample=6 cpu_pct=4.296 ram_used_total_kib=1018992,8255824 temp_c=61.15 throttled=0x50000 container=running restarts=0
2026-09-28T00:51:46Z [stream-stability] phase=streaming remaining_s=34
2026-09-28T00:51:47Z [stream-stability] phase=streaming remaining_s=33
2026-09-28T00:51:48Z [stream-stability] phase=streaming remaining_s=32
2026-09-28T00:51:49Z [stream-stability] phase=streaming remaining_s=31
2026-09-28T00:51:50Z [stream-stability] phase=streaming remaining_s=30
2026-09-28T00:51:51Z [stream-stability] health=7 http=200 valid=true latency_s=0.000963 camera=true yolo=true detection=false follow=false
2026-09-28T00:51:51Z [stream-stability] phase=streaming sample=7 cpu_pct=4.776 ram_used_total_kib=1028128,8255824 temp_c=60.05 throttled=0x50000 container=running restarts=0
2026-09-28T00:51:51Z [stream-stability] phase=streaming remaining_s=29
2026-09-28T00:51:52Z [stream-stability] phase=streaming remaining_s=28
2026-09-28T00:51:53Z [stream-stability] phase=streaming remaining_s=27
2026-09-28T00:51:54Z [stream-stability] phase=streaming remaining_s=26
2026-09-28T00:51:55Z [stream-stability] phase=streaming remaining_s=25
2026-09-28T00:51:56Z [stream-stability] health=8 http=200 valid=true latency_s=0.001080 camera=true yolo=true detection=false follow=false
2026-09-28T00:51:56Z [stream-stability] phase=streaming sample=8 cpu_pct=3.846 ram_used_total_kib=1018400,8255824 temp_c=63.35 throttled=0x50000 container=running restarts=0
2026-09-28T00:51:56Z [stream-stability] phase=streaming remaining_s=24
2026-09-28T00:51:57Z [stream-stability] phase=streaming remaining_s=23
2026-09-28T00:51:58Z [stream-stability] phase=streaming remaining_s=22
2026-09-28T00:51:59Z [stream-stability] phase=streaming remaining_s=21
2026-09-28T00:52:01Z [stream-stability] phase=streaming remaining_s=19
2026-09-28T00:52:01Z [stream-stability] health=9 http=200 valid=true latency_s=0.001008 camera=true yolo=true detection=false follow=false
2026-09-28T00:52:01Z [stream-stability] phase=streaming sample=9 cpu_pct=3.640 ram_used_total_kib=1027136,8255824 temp_c=63.9 throttled=0x50000 container=running restarts=0
2026-09-28T00:52:02Z [stream-stability] phase=streaming remaining_s=18
2026-09-28T00:52:03Z [stream-stability] phase=streaming remaining_s=17
2026-09-28T00:52:04Z [stream-stability] phase=streaming remaining_s=16
2026-09-28T00:52:05Z [stream-stability] phase=streaming remaining_s=15
2026-09-28T00:52:06Z [stream-stability] phase=streaming remaining_s=14
2026-09-28T00:52:06Z [stream-stability] health=10 http=200 valid=true latency_s=0.001120 camera=true yolo=true detection=false follow=false
2026-09-28T00:52:06Z [stream-stability] phase=streaming sample=10 cpu_pct=3.443 ram_used_total_kib=1023872,8255824 temp_c=63.9 throttled=0x50000 container=running restarts=0
2026-09-28T00:52:07Z [stream-stability] phase=streaming remaining_s=13
2026-09-28T00:52:08Z [stream-stability] phase=streaming remaining_s=12
2026-09-28T00:52:09Z [stream-stability] phase=streaming remaining_s=11
2026-09-28T00:52:10Z [stream-stability] phase=streaming remaining_s=10
2026-09-28T00:52:11Z [stream-stability] phase=streaming remaining_s=9
2026-09-28T00:52:11Z [stream-stability] health=11 http=200 valid=true latency_s=0.001037 camera=true yolo=true detection=false follow=false
2026-09-28T00:52:11Z [stream-stability] phase=streaming sample=11 cpu_pct=4.783 ram_used_total_kib=1025888,8255824 temp_c=62.25 throttled=0x50000 container=running restarts=0
2026-09-28T00:52:12Z [stream-stability] phase=streaming remaining_s=8
2026-09-28T00:52:13Z [stream-stability] phase=streaming remaining_s=7
2026-09-28T00:52:14Z [stream-stability] phase=streaming remaining_s=6
2026-09-28T00:52:15Z [stream-stability] phase=streaming remaining_s=5
2026-09-28T00:52:16Z [stream-stability] phase=streaming remaining_s=4
2026-09-28T00:52:17Z [stream-stability] health=12 http=200 valid=true latency_s=0.001014 camera=true yolo=true detection=false follow=false
2026-09-28T00:52:17Z [stream-stability] phase=streaming remaining_s=3
2026-09-28T00:52:17Z [stream-stability] phase=streaming sample=12 cpu_pct=4.436 ram_used_total_kib=1017184,8255824 temp_c=61.7 throttled=0x50000 container=running restarts=0
2026-09-28T00:52:18Z [stream-stability] phase=streaming remaining_s=2
2026-09-28T00:52:19Z [stream-stability] phase=streaming remaining_s=1
2026-09-28T00:52:20Z [stream-stability] phase=streaming remaining_s=0
2026-09-28T00:52:20Z [stream-stability] phase=streaming remaining_s=0 collection complete
2026-09-28T00:52:20Z [stream-stability] stream attempt=1 curl_exit=28 http_elapsed_bytes=200,60.000539,35413036 outcome=deadline_or_stall_timeout
2026-09-28T00:52:20Z [stream-stability] Finalizing: stopping workers, restoring state and collecting Docker logs
2026-09-28T00:52:20Z [stream-stability] WARNING Docker logs unavailable or incomplete (timeout/permissions/container missing)
2026-09-28T00:52:20Z [stream-stability] Finished exit_code=0 elapsed_s=60 results=/home/pi/experiments/logs/2026-09-28T00-51-20_stream-stability_8g0FwW
