2026-09-28T01:26:11Z [follow-observation] Starting target=http://localhost:1607 results=/home/pi/experiments/logs/2026-09-28T01-26-11_follow-observation_XJW4c3; collecting metadata
2026-09-28T01:26:12Z [follow-observation] Running Docker containers:
2026-09-28T01:26:12Z [follow-observation] docker-ps: NAMES     STATUS                 PORTS
2026-09-28T01:26:12Z [follow-observation] docker-ps: vehicle   Up 2 hours (healthy)   
2026-09-28T01:26:12Z [follow-observation] Exactly one Docker container is running; selecting container=vehicle
2026-09-28T01:26:12Z [follow-observation] Using existing Docker container=vehicle state=running
2026-09-28T01:26:12Z [follow-observation] phase=observed_state remaining_s=60 (collection budget; cleanup follows)
2026-09-28T01:26:12Z [follow-observation] health=1 http=200 valid=true latency_s=0.000862 camera=true yolo=true detection=false follow=false
2026-09-28T01:26:12Z [follow-observation] phase=observed_state sample=1 cpu_pct=NA ram_used_total_kib=1057360,8255824 temp_c=62.8 throttled=0x50000 container=running restarts=0
2026-09-28T01:26:13Z [follow-observation] phase=observed_state remaining_s=59
2026-09-28T01:26:14Z [follow-observation] phase=observed_state remaining_s=58
2026-09-28T01:26:15Z [follow-observation] phase=observed_state remaining_s=57
2026-09-28T01:26:16Z [follow-observation] phase=observed_state remaining_s=56
2026-09-28T01:26:17Z [follow-observation] phase=observed_state remaining_s=55
2026-09-28T01:26:17Z [follow-observation] health=2 http=200 valid=true latency_s=0.001059 camera=true yolo=true detection=false follow=false
2026-09-28T01:26:17Z [follow-observation] phase=observed_state sample=2 cpu_pct=3.358 ram_used_total_kib=1047152,8255824 temp_c=61.15 throttled=0x50000 container=running restarts=0
2026-09-28T01:26:18Z [follow-observation] phase=observed_state remaining_s=54
2026-09-28T01:26:19Z [follow-observation] phase=observed_state remaining_s=53
2026-09-28T01:26:20Z [follow-observation] phase=observed_state remaining_s=52
2026-09-28T01:26:21Z [follow-observation] phase=observed_state remaining_s=51
2026-09-28T01:26:22Z [follow-observation] phase=observed_state remaining_s=50
2026-09-28T01:26:22Z [follow-observation] health=3 http=200 valid=true latency_s=0.001241 camera=true yolo=true detection=false follow=false
2026-09-28T01:26:22Z [follow-observation] phase=observed_state sample=3 cpu_pct=4.727 ram_used_total_kib=1029088,8255824 temp_c=61.15 throttled=0x50000 container=running restarts=0
2026-09-28T01:26:23Z [follow-observation] phase=observed_state remaining_s=49
2026-09-28T01:26:24Z [follow-observation] phase=observed_state remaining_s=48
2026-09-28T01:26:25Z [follow-observation] phase=observed_state remaining_s=47
2026-09-28T01:26:26Z [follow-observation] phase=observed_state remaining_s=46
2026-09-28T01:26:27Z [follow-observation] phase=observed_state remaining_s=45
2026-09-28T01:26:27Z [follow-observation] health=4 http=200 valid=true latency_s=0.002153 camera=true yolo=true detection=false follow=false
2026-09-28T01:26:27Z [follow-observation] phase=observed_state sample=4 cpu_pct=4.335 ram_used_total_kib=1020320,8255824 temp_c=60.6 throttled=0x50000 container=running restarts=0
2026-09-28T01:26:28Z [follow-observation] phase=observed_state remaining_s=44
2026-09-28T01:26:29Z [follow-observation] phase=observed_state remaining_s=43
2026-09-28T01:26:30Z [follow-observation] phase=observed_state remaining_s=42
2026-09-28T01:26:31Z [follow-observation] phase=observed_state remaining_s=41
2026-09-28T01:26:32Z [follow-observation] phase=observed_state remaining_s=40
2026-09-28T01:26:32Z [follow-observation] health=5 http=200 valid=true latency_s=0.001066 camera=true yolo=true detection=false follow=false
2026-09-28T01:26:32Z [follow-observation] phase=observed_state sample=5 cpu_pct=4.534 ram_used_total_kib=1017104,8255824 temp_c=61.15 throttled=0x50000 container=running restarts=0
2026-09-28T01:26:33Z [follow-observation] phase=observed_state remaining_s=39
2026-09-28T01:26:34Z [follow-observation] phase=observed_state remaining_s=38
2026-09-28T01:26:35Z [follow-observation] phase=observed_state remaining_s=37
2026-09-28T01:26:36Z [follow-observation] phase=observed_state remaining_s=36
2026-09-28T01:26:37Z [follow-observation] phase=observed_state remaining_s=35
2026-09-28T01:26:37Z [follow-observation] health=6 http=200 valid=true latency_s=0.001039 camera=true yolo=true detection=false follow=false
2026-09-28T01:26:37Z [follow-observation] phase=observed_state sample=6 cpu_pct=4.380 ram_used_total_kib=1013840,8255824 temp_c=61.7 throttled=0x50000 container=running restarts=0
2026-09-28T01:26:38Z [follow-observation] phase=observed_state remaining_s=34
2026-09-28T01:26:39Z [follow-observation] phase=observed_state remaining_s=33
2026-09-28T01:26:40Z [follow-observation] phase=observed_state remaining_s=32
2026-09-28T01:26:41Z [follow-observation] phase=observed_state remaining_s=31
2026-09-28T01:26:42Z [follow-observation] phase=observed_state remaining_s=30
2026-09-28T01:26:42Z [follow-observation] health=7 http=200 valid=true latency_s=0.001044 camera=true yolo=true detection=false follow=false
2026-09-28T01:26:42Z [follow-observation] phase=observed_state sample=7 cpu_pct=4.628 ram_used_total_kib=1014992,8255824 temp_c=61.15 throttled=0x50000 container=running restarts=0
2026-09-28T01:26:43Z [follow-observation] phase=observed_state remaining_s=29
2026-09-28T01:26:44Z [follow-observation] phase=observed_state remaining_s=28
2026-09-28T01:26:45Z [follow-observation] phase=observed_state remaining_s=27
2026-09-28T01:26:46Z [follow-observation] phase=observed_state remaining_s=26
2026-09-28T01:26:47Z [follow-observation] phase=observed_state remaining_s=25
2026-09-28T01:26:47Z [follow-observation] health=8 http=200 valid=true latency_s=0.001137 camera=true yolo=true detection=false follow=false
2026-09-28T01:26:47Z [follow-observation] phase=observed_state sample=8 cpu_pct=4.093 ram_used_total_kib=1010976,8255824 temp_c=59.5 throttled=0x50000 container=running restarts=0
2026-09-28T01:26:48Z [follow-observation] phase=observed_state remaining_s=24
2026-09-28T01:26:49Z [follow-observation] phase=observed_state remaining_s=23
2026-09-28T01:26:50Z [follow-observation] phase=observed_state remaining_s=22
2026-09-28T01:26:51Z [follow-observation] phase=observed_state remaining_s=21
2026-09-28T01:26:52Z [follow-observation] phase=observed_state remaining_s=20
2026-09-28T01:26:52Z [follow-observation] health=9 http=200 valid=true latency_s=0.003318 camera=true yolo=true detection=false follow=false
2026-09-28T01:26:53Z [follow-observation] phase=observed_state sample=9 cpu_pct=4.717 ram_used_total_kib=1016304,8255824 temp_c=61.15 throttled=0x50000 container=running restarts=0
2026-09-28T01:26:53Z [follow-observation] phase=observed_state remaining_s=19
2026-09-28T01:26:54Z [follow-observation] phase=observed_state remaining_s=18
2026-09-28T01:26:55Z [follow-observation] phase=observed_state remaining_s=17
2026-09-28T01:26:56Z [follow-observation] phase=observed_state remaining_s=16
2026-09-28T01:26:57Z [follow-observation] phase=observed_state remaining_s=15
2026-09-28T01:26:58Z [follow-observation] health=10 http=200 valid=true latency_s=0.001049 camera=true yolo=true detection=false follow=false
2026-09-28T01:26:58Z [follow-observation] phase=observed_state sample=10 cpu_pct=4.187 ram_used_total_kib=1012800,8255824 temp_c=60.6 throttled=0x50000 container=running restarts=0
2026-09-28T01:26:58Z [follow-observation] phase=observed_state remaining_s=14
2026-09-28T01:26:59Z [follow-observation] phase=observed_state remaining_s=13
2026-09-28T01:27:00Z [follow-observation] phase=observed_state remaining_s=12
2026-09-28T01:27:01Z [follow-observation] phase=observed_state remaining_s=11
2026-09-28T01:27:02Z [follow-observation] phase=observed_state remaining_s=10
2026-09-28T01:27:03Z [follow-observation] health=11 http=200 valid=true latency_s=0.001053 camera=true yolo=true detection=false follow=false
2026-09-28T01:27:03Z [follow-observation] phase=observed_state sample=11 cpu_pct=4.440 ram_used_total_kib=1031616,8255824 temp_c=61.15 throttled=0x50000 container=running restarts=0
2026-09-28T01:27:03Z [follow-observation] phase=observed_state remaining_s=9
2026-09-28T01:27:04Z [follow-observation] phase=observed_state remaining_s=8
2026-09-28T01:27:05Z [follow-observation] phase=observed_state remaining_s=7
2026-09-28T01:27:06Z [follow-observation] phase=observed_state remaining_s=6
2026-09-28T01:27:07Z [follow-observation] phase=observed_state remaining_s=5
2026-09-28T01:27:08Z [follow-observation] health=12 http=200 valid=true latency_s=0.001098 camera=true yolo=true detection=false follow=false
2026-09-28T01:27:08Z [follow-observation] phase=observed_state sample=12 cpu_pct=4.189 ram_used_total_kib=1018560,8255824 temp_c=59.5 throttled=0x50000 container=running restarts=0
2026-09-28T01:27:08Z [follow-observation] phase=observed_state remaining_s=4
2026-09-28T01:27:09Z [follow-observation] phase=observed_state remaining_s=3
2026-09-28T01:27:10Z [follow-observation] phase=observed_state remaining_s=2
2026-09-28T01:27:11Z [follow-observation] phase=observed_state remaining_s=1
2026-09-28T01:27:12Z [follow-observation] phase=observed_state remaining_s=0 collection complete
2026-09-28T01:27:12Z [follow-observation] Finalizing: stopping workers, restoring state and collecting Docker logs
2026-09-28T01:27:12Z [follow-observation] WARNING Docker logs unavailable or incomplete (timeout/permissions/container missing)
2026-09-28T01:27:12Z [follow-observation] Finished exit_code=0 elapsed_s=61 results=/home/pi/experiments/logs/2026-09-28T01-26-11_follow-observation_XJW4c3
