2026-09-28T00:11:25Z [detection-benchmark] Starting target=http://localhost:1607 results=/home/pi/experiments/logs/2026-09-28T00-11-25_detection-benchmark_EB1ot5; collecting metadata
2026-09-28T00:11:25Z [detection-benchmark] Running Docker containers:
2026-09-28T00:11:25Z [detection-benchmark] docker-ps: NAMES     STATUS                    PORTS
2026-09-28T00:11:25Z [detection-benchmark] docker-ps: vehicle   Up 31 minutes (healthy)   
2026-09-28T00:11:25Z [detection-benchmark] Exactly one Docker container is running; selecting container=vehicle
2026-09-28T00:11:25Z [detection-benchmark] Using existing Docker container=vehicle state=running
2026-09-28T00:11:26Z [detection-benchmark] health=preflight http=200 valid=true latency_s=0.000870 camera=true yolo=true detection=false follow=false
2026-09-28T00:11:26Z [detection-benchmark] Setting detection=false
2026-09-28T00:11:26Z [detection-benchmark] health=verify-1-false http=200 valid=true latency_s=0.000855 camera=true yolo=true detection=false follow=false
2026-09-28T00:11:26Z [detection-benchmark] phase=detection_false remaining_s=60 (collection budget; cleanup follows)
2026-09-28T00:11:26Z [detection-benchmark] health=1 http=200 valid=true latency_s=0.000854 camera=true yolo=true detection=false follow=false
2026-09-28T00:11:26Z [detection-benchmark] phase=detection_false sample=1 cpu_pct=NA ram_used_total_kib=957392,8255824 temp_c=61.7 throttled=0x50000 container=running restarts=0
2026-09-28T00:11:27Z [detection-benchmark] phase=detection_false remaining_s=59
2026-09-28T00:11:28Z [detection-benchmark] phase=detection_false remaining_s=58
2026-09-28T00:11:29Z [detection-benchmark] phase=detection_false remaining_s=57
2026-09-28T00:11:30Z [detection-benchmark] phase=detection_false remaining_s=56
2026-09-28T00:11:31Z [detection-benchmark] phase=detection_false remaining_s=55
2026-09-28T00:11:31Z [detection-benchmark] health=2 http=200 valid=true latency_s=0.001134 camera=true yolo=true detection=false follow=false
2026-09-28T00:11:31Z [detection-benchmark] phase=detection_false sample=2 cpu_pct=3.460 ram_used_total_kib=949568,8255824 temp_c=59.5 throttled=0x50000 container=running restarts=0
2026-09-28T00:11:32Z [detection-benchmark] phase=detection_false remaining_s=54
2026-09-28T00:11:33Z [detection-benchmark] phase=detection_false remaining_s=53
2026-09-28T00:11:34Z [detection-benchmark] phase=detection_false remaining_s=52
2026-09-28T00:11:35Z [detection-benchmark] phase=detection_false remaining_s=51
2026-09-28T00:11:36Z [detection-benchmark] phase=detection_false remaining_s=50
2026-09-28T00:11:36Z [detection-benchmark] health=3 http=200 valid=true latency_s=0.001093 camera=true yolo=true detection=false follow=false
2026-09-28T00:11:36Z [detection-benchmark] phase=detection_false sample=3 cpu_pct=4.099 ram_used_total_kib=934592,8255824 temp_c=60.6 throttled=0x50000 container=running restarts=0
2026-09-28T00:11:37Z [detection-benchmark] phase=detection_false remaining_s=49
2026-09-28T00:11:38Z [detection-benchmark] phase=detection_false remaining_s=48
2026-09-28T00:11:39Z [detection-benchmark] phase=detection_false remaining_s=47
2026-09-28T00:11:40Z [detection-benchmark] phase=detection_false remaining_s=46
2026-09-28T00:11:41Z [detection-benchmark] phase=detection_false remaining_s=45
2026-09-28T00:11:41Z [detection-benchmark] health=4 http=200 valid=true latency_s=0.001060 camera=true yolo=true detection=false follow=false
2026-09-28T00:11:41Z [detection-benchmark] phase=detection_false sample=4 cpu_pct=4.397 ram_used_total_kib=935200,8255824 temp_c=61.15 throttled=0x50000 container=running restarts=0
2026-09-28T00:11:42Z [detection-benchmark] phase=detection_false remaining_s=44
2026-09-28T00:11:43Z [detection-benchmark] phase=detection_false remaining_s=43
2026-09-28T00:11:44Z [detection-benchmark] phase=detection_false remaining_s=42
2026-09-28T00:11:45Z [detection-benchmark] phase=detection_false remaining_s=41
2026-09-28T00:11:46Z [detection-benchmark] phase=detection_false remaining_s=40
2026-09-28T00:11:46Z [detection-benchmark] health=5 http=200 valid=true latency_s=0.001162 camera=true yolo=true detection=false follow=false
2026-09-28T00:11:46Z [detection-benchmark] phase=detection_false sample=5 cpu_pct=3.103 ram_used_total_kib=923600,8255824 temp_c=60.6 throttled=0x50000 container=running restarts=0
2026-09-28T00:11:47Z [detection-benchmark] phase=detection_false remaining_s=39
2026-09-28T00:11:48Z [detection-benchmark] phase=detection_false remaining_s=38
2026-09-28T00:11:49Z [detection-benchmark] phase=detection_false remaining_s=37
2026-09-28T00:11:50Z [detection-benchmark] phase=detection_false remaining_s=36
2026-09-28T00:11:51Z [detection-benchmark] phase=detection_false remaining_s=35
2026-09-28T00:11:51Z [detection-benchmark] health=6 http=200 valid=true latency_s=0.001104 camera=true yolo=true detection=false follow=false
2026-09-28T00:11:51Z [detection-benchmark] phase=detection_false sample=6 cpu_pct=4.487 ram_used_total_kib=925440,8255824 temp_c=60.6 throttled=0x50000 container=running restarts=0
2026-09-28T00:11:52Z [detection-benchmark] phase=detection_false remaining_s=34
2026-09-28T00:11:53Z [detection-benchmark] phase=detection_false remaining_s=33
2026-09-28T00:11:54Z [detection-benchmark] phase=detection_false remaining_s=32
2026-09-28T00:11:55Z [detection-benchmark] phase=detection_false remaining_s=31
2026-09-28T00:11:56Z [detection-benchmark] phase=detection_false remaining_s=30
2026-09-28T00:11:56Z [detection-benchmark] health=7 http=200 valid=true latency_s=0.001274 camera=true yolo=true detection=false follow=false
2026-09-28T00:11:56Z [detection-benchmark] phase=detection_false sample=7 cpu_pct=4.736 ram_used_total_kib=917488,8255824 temp_c=58.95 throttled=0x50000 container=running restarts=0
2026-09-28T00:11:57Z [detection-benchmark] phase=detection_false remaining_s=29
2026-09-28T00:11:58Z [detection-benchmark] phase=detection_false remaining_s=28
2026-09-28T00:11:59Z [detection-benchmark] phase=detection_false remaining_s=27
2026-09-28T00:12:00Z [detection-benchmark] phase=detection_false remaining_s=26
2026-09-28T00:12:01Z [detection-benchmark] phase=detection_false remaining_s=25
2026-09-28T00:12:01Z [detection-benchmark] health=8 http=200 valid=true latency_s=0.002848 camera=true yolo=true detection=false follow=false
2026-09-28T00:12:01Z [detection-benchmark] phase=detection_false sample=8 cpu_pct=4.494 ram_used_total_kib=921728,8255824 temp_c=60.05 throttled=0x50000 container=running restarts=0
2026-09-28T00:12:02Z [detection-benchmark] phase=detection_false remaining_s=24
2026-09-28T00:12:03Z [detection-benchmark] phase=detection_false remaining_s=23
2026-09-28T00:12:04Z [detection-benchmark] phase=detection_false remaining_s=22
2026-09-28T00:12:05Z [detection-benchmark] phase=detection_false remaining_s=21
2026-09-28T00:12:06Z [detection-benchmark] phase=detection_false remaining_s=20
2026-09-28T00:12:06Z [detection-benchmark] health=9 http=200 valid=true latency_s=0.001056 camera=true yolo=true detection=false follow=false
2026-09-28T00:12:06Z [detection-benchmark] phase=detection_false sample=9 cpu_pct=4.519 ram_used_total_kib=919456,8255824 temp_c=60.6 throttled=0x50000 container=running restarts=0
2026-09-28T00:12:07Z [detection-benchmark] phase=detection_false remaining_s=19
2026-09-28T00:12:08Z [detection-benchmark] phase=detection_false remaining_s=18
2026-09-28T00:12:09Z [detection-benchmark] phase=detection_false remaining_s=17
2026-09-28T00:12:10Z [detection-benchmark] phase=detection_false remaining_s=16
2026-09-28T00:12:11Z [detection-benchmark] phase=detection_false remaining_s=15
2026-09-28T00:12:11Z [detection-benchmark] health=10 http=200 valid=true latency_s=0.001078 camera=true yolo=true detection=false follow=false
2026-09-28T00:12:11Z [detection-benchmark] phase=detection_false sample=10 cpu_pct=4.481 ram_used_total_kib=924720,8255824 temp_c=59.5 throttled=0x50000 container=running restarts=0
2026-09-28T00:12:12Z [detection-benchmark] phase=detection_false remaining_s=14
2026-09-28T00:12:13Z [detection-benchmark] phase=detection_false remaining_s=13
2026-09-28T00:12:14Z [detection-benchmark] phase=detection_false remaining_s=12
2026-09-28T00:12:15Z [detection-benchmark] phase=detection_false remaining_s=11
2026-09-28T00:12:16Z [detection-benchmark] phase=detection_false remaining_s=10
2026-09-28T00:12:17Z [detection-benchmark] health=11 http=200 valid=true latency_s=0.001056 camera=true yolo=true detection=false follow=false
2026-09-28T00:12:17Z [detection-benchmark] phase=detection_false sample=11 cpu_pct=4.474 ram_used_total_kib=917120,8255824 temp_c=58.95 throttled=0x50000 container=running restarts=0
2026-09-28T00:12:17Z [detection-benchmark] phase=detection_false remaining_s=9
2026-09-28T00:12:18Z [detection-benchmark] phase=detection_false remaining_s=8
2026-09-28T00:12:19Z [detection-benchmark] phase=detection_false remaining_s=7
2026-09-28T00:12:20Z [detection-benchmark] phase=detection_false remaining_s=6
2026-09-28T00:12:21Z [detection-benchmark] phase=detection_false remaining_s=5
2026-09-28T00:12:22Z [detection-benchmark] health=12 http=200 valid=true latency_s=0.001074 camera=true yolo=true detection=false follow=false
2026-09-28T00:12:22Z [detection-benchmark] phase=detection_false sample=12 cpu_pct=4.298 ram_used_total_kib=923232,8255824 temp_c=60.05 throttled=0x50000 container=running restarts=0
2026-09-28T00:12:22Z [detection-benchmark] phase=detection_false remaining_s=4
2026-09-28T00:12:23Z [detection-benchmark] phase=detection_false remaining_s=3
2026-09-28T00:12:24Z [detection-benchmark] phase=detection_false remaining_s=2
2026-09-28T00:12:25Z [detection-benchmark] phase=detection_false remaining_s=1
2026-09-28T00:12:26Z [detection-benchmark] phase=detection_false remaining_s=0 collection complete
2026-09-28T00:12:26Z [detection-benchmark] Setting detection=true
2026-09-28T00:12:26Z [detection-benchmark] health=verify-2-true http=200 valid=true latency_s=0.001077 camera=true yolo=true detection=true follow=false
2026-09-28T00:12:26Z [detection-benchmark] phase=detection_true remaining_s=60 (collection budget; cleanup follows)
2026-09-28T00:12:26Z [detection-benchmark] health=13 http=200 valid=true latency_s=0.000917 camera=true yolo=true detection=true follow=false
2026-09-28T00:12:26Z [detection-benchmark] phase=detection_true sample=13 cpu_pct=NA ram_used_total_kib=917440,8255824 temp_c=60.05 throttled=0x50000 container=running restarts=0
2026-09-28T00:12:27Z [detection-benchmark] phase=detection_true remaining_s=59
2026-09-28T00:12:28Z [detection-benchmark] phase=detection_true remaining_s=58
2026-09-28T00:12:29Z [detection-benchmark] phase=detection_true remaining_s=57
2026-09-28T00:12:30Z [detection-benchmark] phase=detection_true remaining_s=56
2026-09-28T00:12:31Z [detection-benchmark] phase=detection_true remaining_s=55
2026-09-28T00:12:31Z [detection-benchmark] health=14 http=200 valid=true latency_s=0.001987 camera=true yolo=true detection=true follow=false
2026-09-28T00:12:31Z [detection-benchmark] phase=detection_true sample=14 cpu_pct=58.818 ram_used_total_kib=1009808,8255824 temp_c=65.55 throttled=0x50000 container=running restarts=0
2026-09-28T00:12:32Z [detection-benchmark] phase=detection_true remaining_s=54
2026-09-28T00:12:33Z [detection-benchmark] phase=detection_true remaining_s=53
2026-09-28T00:12:34Z [detection-benchmark] phase=detection_true remaining_s=52
2026-09-28T00:12:35Z [detection-benchmark] phase=detection_true remaining_s=51
2026-09-28T00:12:36Z [detection-benchmark] phase=detection_true remaining_s=50
2026-09-28T00:12:36Z [detection-benchmark] health=15 http=200 valid=true latency_s=0.006619 camera=true yolo=true detection=true follow=false
2026-09-28T00:12:36Z [detection-benchmark] phase=detection_true sample=15 cpu_pct=56.825 ram_used_total_kib=987264,8255824 temp_c=69.4 throttled=0x50005 container=running restarts=0
2026-09-28T00:12:37Z [detection-benchmark] phase=detection_true remaining_s=49
2026-09-28T00:12:38Z [detection-benchmark] phase=detection_true remaining_s=48
2026-09-28T00:12:39Z [detection-benchmark] phase=detection_true remaining_s=47
2026-09-28T00:12:40Z [detection-benchmark] phase=detection_true remaining_s=46
2026-09-28T00:12:41Z [detection-benchmark] phase=detection_true remaining_s=45
2026-09-28T00:12:41Z [detection-benchmark] health=16 http=200 valid=true latency_s=0.003788 camera=true yolo=true detection=true follow=false
2026-09-28T00:12:41Z [detection-benchmark] phase=detection_true sample=16 cpu_pct=55.843 ram_used_total_kib=998560,8255824 temp_c=71.05 throttled=0x50005 container=running restarts=0
2026-09-28T00:12:42Z [detection-benchmark] phase=detection_true remaining_s=44
2026-09-28T00:12:43Z [detection-benchmark] phase=detection_true remaining_s=43
2026-09-28T00:12:44Z [detection-benchmark] phase=detection_true remaining_s=42
2026-09-28T00:12:45Z [detection-benchmark] phase=detection_true remaining_s=41
2026-09-28T00:12:46Z [detection-benchmark] phase=detection_true remaining_s=40
2026-09-28T00:12:46Z [detection-benchmark] health=17 http=200 valid=true latency_s=0.000872 camera=true yolo=true detection=true follow=false
2026-09-28T00:12:46Z [detection-benchmark] phase=detection_true sample=17 cpu_pct=56.185 ram_used_total_kib=1024704,8255824 temp_c=69.4 throttled=0x50000 container=running restarts=0
2026-09-28T00:12:47Z [detection-benchmark] phase=detection_true remaining_s=39
2026-09-28T00:12:48Z [detection-benchmark] phase=detection_true remaining_s=38
2026-09-28T00:12:49Z [detection-benchmark] phase=detection_true remaining_s=37
2026-09-28T00:12:50Z [detection-benchmark] phase=detection_true remaining_s=36
2026-09-28T00:12:51Z [detection-benchmark] phase=detection_true remaining_s=35
2026-09-28T00:12:52Z [detection-benchmark] health=18 http=200 valid=true latency_s=0.004313 camera=true yolo=true detection=true follow=false
2026-09-28T00:12:52Z [detection-benchmark] phase=detection_true sample=18 cpu_pct=54.766 ram_used_total_kib=1007040,8255824 temp_c=72.15 throttled=0x50000 container=running restarts=0
2026-09-28T00:12:52Z [detection-benchmark] phase=detection_true remaining_s=34
2026-09-28T00:12:53Z [detection-benchmark] phase=detection_true remaining_s=33
2026-09-28T00:12:54Z [detection-benchmark] phase=detection_true remaining_s=32
2026-09-28T00:12:55Z [detection-benchmark] phase=detection_true remaining_s=31
2026-09-28T00:12:56Z [detection-benchmark] phase=detection_true remaining_s=30
2026-09-28T00:12:57Z [detection-benchmark] health=19 http=200 valid=true latency_s=0.001483 camera=true yolo=true detection=true follow=false
2026-09-28T00:12:57Z [detection-benchmark] phase=detection_true sample=19 cpu_pct=55.237 ram_used_total_kib=1043312,8255824 temp_c=72.15 throttled=0x50005 container=running restarts=0
2026-09-28T00:12:57Z [detection-benchmark] phase=detection_true remaining_s=29
2026-09-28T00:12:58Z [detection-benchmark] phase=detection_true remaining_s=28
2026-09-28T00:12:59Z [detection-benchmark] phase=detection_true remaining_s=27
2026-09-28T00:13:00Z [detection-benchmark] phase=detection_true remaining_s=26
2026-09-28T00:13:01Z [detection-benchmark] phase=detection_true remaining_s=25
2026-09-28T00:13:02Z [detection-benchmark] health=20 http=200 valid=true latency_s=0.001143 camera=true yolo=true detection=true follow=false
2026-09-28T00:13:02Z [detection-benchmark] phase=detection_true sample=20 cpu_pct=56.185 ram_used_total_kib=1049808,8255824 temp_c=73.8 throttled=0x50000 container=running restarts=0
2026-09-28T00:13:02Z [detection-benchmark] phase=detection_true remaining_s=24
2026-09-28T00:13:03Z [detection-benchmark] phase=detection_true remaining_s=23
2026-09-28T00:13:04Z [detection-benchmark] phase=detection_true remaining_s=22
2026-09-28T00:13:05Z [detection-benchmark] phase=detection_true remaining_s=21
2026-09-28T00:13:06Z [detection-benchmark] phase=detection_true remaining_s=20
2026-09-28T00:13:07Z [detection-benchmark] health=21 http=200 valid=true latency_s=0.001432 camera=true yolo=true detection=true follow=false
2026-09-28T00:13:07Z [detection-benchmark] phase=detection_true sample=21 cpu_pct=55.258 ram_used_total_kib=1035600,8255824 temp_c=72.15 throttled=0x50005 container=running restarts=0
2026-09-28T00:13:07Z [detection-benchmark] phase=detection_true remaining_s=19
2026-09-28T00:13:08Z [detection-benchmark] phase=detection_true remaining_s=18
2026-09-28T00:13:09Z [detection-benchmark] phase=detection_true remaining_s=17
2026-09-28T00:13:10Z [detection-benchmark] phase=detection_true remaining_s=16
2026-09-28T00:13:11Z [detection-benchmark] phase=detection_true remaining_s=15
2026-09-28T00:13:12Z [detection-benchmark] phase=detection_true remaining_s=14
2026-09-28T00:13:12Z [detection-benchmark] health=22 http=200 valid=true latency_s=0.001467 camera=true yolo=true detection=true follow=false
2026-09-28T00:13:12Z [detection-benchmark] phase=detection_true sample=22 cpu_pct=55.388 ram_used_total_kib=1048832,8255824 temp_c=74.35 throttled=0x50005 container=running restarts=0
2026-09-28T00:13:13Z [detection-benchmark] phase=detection_true remaining_s=13
2026-09-28T00:13:14Z [detection-benchmark] phase=detection_true remaining_s=12
2026-09-28T00:13:15Z [detection-benchmark] phase=detection_true remaining_s=11
2026-09-28T00:13:16Z [detection-benchmark] phase=detection_true remaining_s=10
2026-09-28T00:13:17Z [detection-benchmark] phase=detection_true remaining_s=9
2026-09-28T00:13:17Z [detection-benchmark] health=23 http=200 valid=true latency_s=0.001345 camera=true yolo=true detection=true follow=false
2026-09-28T00:13:17Z [detection-benchmark] phase=detection_true sample=23 cpu_pct=55.858 ram_used_total_kib=1039232,8255824 temp_c=73.25 throttled=0x50000 container=running restarts=0
2026-09-28T00:13:18Z [detection-benchmark] phase=detection_true remaining_s=8
2026-09-28T00:13:19Z [detection-benchmark] phase=detection_true remaining_s=7
2026-09-28T00:13:20Z [detection-benchmark] phase=detection_true remaining_s=6
2026-09-28T00:13:21Z [detection-benchmark] phase=detection_true remaining_s=5
2026-09-28T00:13:22Z [detection-benchmark] phase=detection_true remaining_s=4
2026-09-28T00:13:22Z [detection-benchmark] health=24 http=200 valid=true latency_s=0.001666 camera=true yolo=true detection=true follow=false
2026-09-28T00:13:22Z [detection-benchmark] phase=detection_true sample=24 cpu_pct=55.751 ram_used_total_kib=1072544,8255824 temp_c=74.9 throttled=0x50000 container=running restarts=0
2026-09-28T00:13:23Z [detection-benchmark] phase=detection_true remaining_s=3
2026-09-28T00:13:24Z [detection-benchmark] phase=detection_true remaining_s=2
2026-09-28T00:13:25Z [detection-benchmark] phase=detection_true remaining_s=1
2026-09-28T00:13:26Z [detection-benchmark] phase=detection_true remaining_s=0
2026-09-28T00:13:26Z [detection-benchmark] phase=detection_true remaining_s=0 collection complete
2026-09-28T00:13:26Z [detection-benchmark] Finalizing: stopping workers, restoring state and collecting Docker logs
2026-09-28T00:13:26Z [detection-benchmark] Setting detection=false
2026-09-28T00:13:26Z [detection-benchmark] health=verify-3-false http=200 valid=true latency_s=0.001361 camera=true yolo=true detection=false follow=false
2026-09-28T00:13:26Z [detection-benchmark] WARNING Docker logs unavailable or incomplete (timeout/permissions/container missing)
2026-09-28T00:13:26Z [detection-benchmark] Finished exit_code=0 elapsed_s=121 results=/home/pi/experiments/logs/2026-09-28T00-11-25_detection-benchmark_EB1ot5
