 02:20:28 up 26 min,  1 user,  load average: 0.15, 0.26, 0.25
Filesystem     1024-blocks     Used Available Capacity Mounted on
/dev/mmcblk0p2    59227668 14755580  42023064      26% /
    PID    PPID COMMAND         %CPU %MEM
      1       0 systemd          0.0  0.1
      2       0 kthreadd         0.0  0.0
      3       2 pool_workqueue_  0.0  0.0
      4       2 kworker/R-rcu_g  0.0  0.0
      5       2 kworker/R-sync_  0.0  0.0
      6       2 kworker/R-kvfre  0.0  0.0
      7       2 kworker/R-slub_  0.0  0.0
      8       2 kworker/R-netns  0.0  0.0
     13       2 kworker/R-mm_pe  0.0  0.0
     14       2 ksoftirqd/0      0.0  0.0
     15       2 rcu_preempt      0.0  0.0
     16       2 rcu_exp_par_gp_  0.0  0.0
     17       2 rcu_exp_gp_kthr  0.0  0.0
     18       2 migration/0      0.0  0.0
     19       2 cpuhp/0          0.0  0.0
     20       2 cpuhp/1          0.0  0.0
     21       2 migration/1      0.0  0.0
     22       2 ksoftirqd/1      0.0  0.0
     25       2 cpuhp/2          0.0  0.0
     26       2 migration/2      0.0  0.0
     27       2 ksoftirqd/2      0.0  0.0
     30       2 cpuhp/3          0.0  0.0
     31       2 migration/3      0.0  0.0
     32       2 ksoftirqd/3      0.0  0.0
     35       2 kdevtmpfs        0.0  0.0
     36       2 kworker/R-inet_  0.0  0.0
     37       2 rcu_tasks_kthre  0.0  0.0
     38       2 rcu_tasks_rude_  0.0  0.0
     39       2 rcu_tasks_trace  0.0  0.0
     40       2 kauditd          0.0  0.0
     41       2 pr/ttyAMA-1      0.2  0.0
     42       2 kworker/0:1H-kb  0.0  0.0
     44       2 khungtaskd       0.0  0.0
     45       2 kworker/u16:1-k  0.0  0.0
     46       2 oom_reaper       0.0  0.0
     47       2 kworker/R-write  0.0  0.0
     48       2 kcompactd0       0.0  0.0
     49       2 kcompactd1       0.0  0.0
     50       2 kcompactd2       0.0  0.0
     51       2 kcompactd3       0.0  0.0
     52       2 kcompactd4       0.0  0.0
     53       2 kcompactd5       0.0  0.0
     54       2 kcompactd6       0.0  0.0
     55       2 kcompactd7       0.0  0.0
     57       2 kworker/R-kbloc  0.0  0.0
     58       2 kworker/R-blkcg  0.0  0.0
     59       2 kworker/R-kinte  0.0  0.0
     60       2 kworker/u16:2-k  0.0  0.0
     61       2 kworker/1:1H-kb  0.0  0.0
     62       2 watchdogd        0.0  0.0
     64       2 kworker/R-quota  0.0  0.0
     65       2 kworker/3:1H-kb  0.0  0.0
     66       2 kworker/R-rpcio  0.0  0.0
     67       2 kworker/R-xprti  0.0  0.0
     68       2 kswapd0          0.0  0.0
     69       2 kswapd1          0.0  0.0
     70       2 kswapd2          0.0  0.0
     71       2 kswapd3          0.0  0.0
     72       2 kswapd4          0.0  0.0
     73       2 kswapd5          0.0  0.0
     74       2 kswapd6          0.0  0.0
     75       2 kswapd7          0.0  0.0
     76       2 kworker/R-nfsio  0.0  0.0
     77       2 kworker/R-kthro  0.0  0.0
     78       2 kworker/u17:0-b  0.0  0.0
     84       2 hwrng            0.0  0.0
     85       2 kworker/R-iscsi  0.0  0.0
     86       2 kworker/R-nvme-  0.0  0.0
     87       2 kworker/R-nvme-  0.0  0.0
     88       2 kworker/R-nvme-  0.0  0.0
     89       2 kworker/R-DWC N  0.0  0.0
     90       2 kworker/R-uas    0.0  0.0
     91       2 kworker/R-kstrp  0.0  0.0
     94       2 irq/37-aerdrv    0.0  0.0
     95       2 kworker/1:2-eve  0.0  0.0
     97       2 kworker/R-sdhci  0.0  0.0
    100       2 kworker/R-sdhci  0.0  0.0
    101       2 irq/161-mmc1     0.0  0.0
    102       2 irq/160-mmc0     0.0  0.0
    106       2 kworker/u16:6-e  0.0  0.0
    108       2 kworker/R-mmc_c  0.0  0.0
    111       2 kworker/2:1H-kb  0.0  0.0
    188       2 jbd2/mmcblk0p2-  0.0  0.0
    189       2 kworker/R-ext4-  0.0  0.0
    206       2 kworker/R-mld    0.0  0.0
    207       2 kworker/R-ipv6_  0.0  0.0
    306       1 systemd-journal  0.0  0.1
    334       1 systemd-timesyn  0.0  0.0
    366       1 systemd-udevd    0.0  0.1
    457       2 kworker/R-v3d_b  0.0  0.0
    458       2 kworker/R-v3d_r  0.0  0.0
    459       2 kworker/R-v3d_t  0.0  0.0
    461       2 kworker/R-v3d_c  0.0  0.0
    462       2 kworker/R-v3d_c  0.0  0.0
    463       2 kworker/R-v3d_c  0.0  0.0
    473       2 irq/167-1000800  0.0  0.0
    510       2 kworker/R-cfg80  0.0  0.0
    548       2 kworker/R-brcmf  0.0  0.0
    549       2 brcmf_wdog/mmc1  0.0  0.0
    565       2 irq/172-vc4 hdm  0.0  0.0
    566       2 irq/173-vc4 hdm  0.0  0.0
    567       2 cec-vc4-hdmi-0   0.0  0.0
    568       2 irq/174-vc4 hdm  0.0  0.0
    569       2 irq/175-vc4 hdm  0.0  0.0
    577       2 irq/176-vc4 hdm  0.0  0.0
    578       2 irq/177-vc4 hdm  0.0  0.0
    579       2 cec-vc4-hdmi-1   0.0  0.0
    580       2 irq/178-vc4 hdm  0.0  0.0
    581       2 irq/179-vc4 hdm  0.0  0.0
    585       2 card1-crtc0      0.0  0.0
    586       2 card1-crtc1      0.0  0.0
    587       2 card1-crtc2      0.0  0.0
    588       2 card1-crtc3      0.0  0.0
    612       2 kworker/u17:1-h  0.0  0.0
    663       1 avahi-daemon     0.0  0.0
    664       1 bluetoothd       0.0  0.0
    665       1 cron             0.0  0.0
    666       1 dbus-daemon      0.0  0.0
    671       1 systemd-logind   0.0  0.1
    687     663 avahi-daemon     0.0  0.0
    727       1 NetworkManager   0.0  0.2
    728       1 wpa_supplicant   0.0  0.1
    740       2 krfcommd         0.0  0.0
   1136       1 bash             0.0  0.0
   1146       1 agetty           0.0  0.0
   1147       1 agetty           0.0  0.0
   1149       1 containerd       0.0  0.5
   1154       1 sshd             0.0  0.0
   1196       1 dockerd          0.1  1.0
   1369       1 containerd-shim  0.0  0.2
   1392    1369 python          22.5 11.9
   1641    1154 sshd-session     0.0  0.1
   1647       1 systemd          0.0  0.1
   1649    1647 (sd-pam)         0.0  0.0
   1671    1647 mpris-proxy      0.0  0.0
   1672    1647 dbus-daemon      0.0  0.0
   1678    1641 sshd-session     0.0  0.0
   1679    1678 bash             0.0  0.0
   1693    1679 tmux: client     0.0  0.0
   1695       1 tmux: server     0.0  0.0
   1696    1695 bash             0.0  0.0
   1901    1696 sudo             0.0  0.0
   1903    1901 sudo             0.0  0.0
   1904    1903 bash             0.0  0.0
   4246       2 kworker/0:0-eve  0.0  0.0
   4461       2 kworker/3:0-eve  0.0  0.0
   7510       2 kworker/2:1-eve  0.0  0.0
   7998       2 kworker/3:0H     0.0  0.0
  11086       2 kworker/2:2-eve  0.0  0.0
  11541       2 kworker/1:0-mm_  0.0  0.0
  11577       2 kworker/2:0H-kb  0.0  0.0
  13104       2 kworker/3:2-mm_  0.0  0.0
  22963       2 kworker/0:0H-kb  0.0  0.0
  31226       2 kworker/1:2H     0.0  0.0
  31245       2 kworker/u16:0-e  0.0  0.0
  32043       2 kworker/0:1-eve  0.0  0.0
  32090       2 kworker/2:0      0.0  0.0
  32444       2 kworker/1:1      0.0  0.0
  33893       2 kworker/3:1-mm_  0.0  0.0
  34737       2 kworker/0:2H     0.0  0.0
  34923       2 kworker/3:2H     0.0  0.0
  34924       2 kworker/2:2H-kb  0.0  0.0
  34976    1136 sleep            0.0  0.0
  35031    1904 bash             0.0  0.0
  35227   35031 bash             0.0  0.0
  35228   35227 ps               0.0  0.0
