2026-09-28T00:14:26Z [idle-stability] Starting target=http://localhost:1607 results=/home/pi/experiments/logs/2026-09-28T00-14-26_idle-stability_MGPH4Q; collecting metadata
2026-09-28T00:14:27Z [idle-stability] Running Docker containers:
2026-09-28T00:14:27Z [idle-stability] docker-ps: NAMES     STATUS                    PORTS
2026-09-28T00:14:27Z [idle-stability] docker-ps: vehicle   Up 34 minutes (healthy)   
2026-09-28T00:14:27Z [idle-stability] Exactly one Docker container is running; selecting container=vehicle
2026-09-28T00:14:27Z [idle-stability] Using existing Docker container=vehicle state=running
2026-09-28T00:14:27Z [idle-stability] health=preflight http=200 valid=true latency_s=0.000873 camera=true yolo=true detection=false follow=false
2026-09-28T00:14:27Z [idle-stability] phase=observed_idle remaining_s=300 (collection budget; cleanup follows)
2026-09-28T00:14:27Z [idle-stability] health=1 http=200 valid=true latency_s=0.000915 camera=true yolo=true detection=false follow=false
2026-09-28T00:14:27Z [idle-stability] phase=observed_idle sample=1 cpu_pct=NA ram_used_total_kib=1035040,8255824 temp_c=65 throttled=0x50000 container=running restarts=0
2026-09-28T00:14:28Z [idle-stability] phase=observed_idle remaining_s=299
2026-09-28T00:14:29Z [idle-stability] phase=observed_idle remaining_s=298
2026-09-28T00:14:30Z [idle-stability] phase=observed_idle remaining_s=297
2026-09-28T00:14:31Z [idle-stability] phase=observed_idle remaining_s=296
2026-09-28T00:14:32Z [idle-stability] phase=observed_idle remaining_s=295
2026-09-28T00:14:32Z [idle-stability] health=2 http=200 valid=true latency_s=0.001096 camera=true yolo=true detection=false follow=false
2026-09-28T00:14:32Z [idle-stability] phase=observed_idle sample=2 cpu_pct=3.651 ram_used_total_kib=1029936,8255824 temp_c=65 throttled=0x50000 container=running restarts=0
2026-09-28T00:14:33Z [idle-stability] phase=observed_idle remaining_s=294
2026-09-28T00:14:34Z [idle-stability] phase=observed_idle remaining_s=293
2026-09-28T00:14:35Z [idle-stability] phase=observed_idle remaining_s=292
2026-09-28T00:14:36Z [idle-stability] phase=observed_idle remaining_s=291
2026-09-28T00:14:37Z [idle-stability] phase=observed_idle remaining_s=290
2026-09-28T00:14:37Z [idle-stability] health=3 http=200 valid=true latency_s=0.001104 camera=true yolo=true detection=false follow=false
2026-09-28T00:14:37Z [idle-stability] phase=observed_idle sample=3 cpu_pct=4.099 ram_used_total_kib=1017152,8255824 temp_c=62.8 throttled=0x50000 container=running restarts=0
2026-09-28T00:14:38Z [idle-stability] phase=observed_idle remaining_s=289
2026-09-28T00:14:39Z [idle-stability] phase=observed_idle remaining_s=288
2026-09-28T00:14:40Z [idle-stability] phase=observed_idle remaining_s=287
2026-09-28T00:14:41Z [idle-stability] phase=observed_idle remaining_s=286
2026-09-28T00:14:42Z [idle-stability] phase=observed_idle remaining_s=285
2026-09-28T00:14:42Z [idle-stability] health=4 http=200 valid=true latency_s=0.001048 camera=true yolo=true detection=false follow=false
2026-09-28T00:14:42Z [idle-stability] phase=observed_idle sample=4 cpu_pct=4.438 ram_used_total_kib=1014096,8255824 temp_c=62.25 throttled=0x50000 container=running restarts=0
2026-09-28T00:14:43Z [idle-stability] phase=observed_idle remaining_s=284
2026-09-28T00:14:44Z [idle-stability] phase=observed_idle remaining_s=283
2026-09-28T00:14:45Z [idle-stability] phase=observed_idle remaining_s=282
2026-09-28T00:14:46Z [idle-stability] phase=observed_idle remaining_s=281
2026-09-28T00:14:47Z [idle-stability] phase=observed_idle remaining_s=280
2026-09-28T00:14:47Z [idle-stability] health=5 http=200 valid=true latency_s=0.001033 camera=true yolo=true detection=false follow=false
2026-09-28T00:14:47Z [idle-stability] phase=observed_idle sample=5 cpu_pct=4.191 ram_used_total_kib=1005040,8255824 temp_c=62.25 throttled=0x50000 container=running restarts=0
2026-09-28T00:14:48Z [idle-stability] phase=observed_idle remaining_s=279
2026-09-28T00:14:49Z [idle-stability] phase=observed_idle remaining_s=278
2026-09-28T00:14:50Z [idle-stability] phase=observed_idle remaining_s=277
2026-09-28T00:14:51Z [idle-stability] phase=observed_idle remaining_s=276
2026-09-28T00:14:52Z [idle-stability] phase=observed_idle remaining_s=275
2026-09-28T00:14:52Z [idle-stability] health=6 http=200 valid=true latency_s=0.001011 camera=true yolo=true detection=false follow=false
2026-09-28T00:14:52Z [idle-stability] phase=observed_idle sample=6 cpu_pct=4.579 ram_used_total_kib=1017328,8255824 temp_c=62.8 throttled=0x50000 container=running restarts=0
2026-09-28T00:14:53Z [idle-stability] phase=observed_idle remaining_s=274
2026-09-28T00:14:54Z [idle-stability] phase=observed_idle remaining_s=273
2026-09-28T00:14:55Z [idle-stability] phase=observed_idle remaining_s=272
2026-09-28T00:14:56Z [idle-stability] phase=observed_idle remaining_s=271
2026-09-28T00:14:57Z [idle-stability] phase=observed_idle remaining_s=270
2026-09-28T00:14:57Z [idle-stability] health=7 http=200 valid=true latency_s=0.001107 camera=true yolo=true detection=false follow=false
2026-09-28T00:14:57Z [idle-stability] phase=observed_idle sample=7 cpu_pct=4.051 ram_used_total_kib=1009600,8255824 temp_c=62.8 throttled=0x50000 container=running restarts=0
2026-09-28T00:14:58Z [idle-stability] phase=observed_idle remaining_s=269
2026-09-28T00:14:59Z [idle-stability] phase=observed_idle remaining_s=268
2026-09-28T00:15:00Z [idle-stability] phase=observed_idle remaining_s=267
2026-09-28T00:15:01Z [idle-stability] phase=observed_idle remaining_s=266
2026-09-28T00:15:02Z [idle-stability] phase=observed_idle remaining_s=265
2026-09-28T00:15:02Z [idle-stability] health=8 http=200 valid=true latency_s=0.001106 camera=true yolo=true detection=false follow=false
2026-09-28T00:15:03Z [idle-stability] phase=observed_idle sample=8 cpu_pct=4.532 ram_used_total_kib=1008128,8255824 temp_c=62.25 throttled=0x50000 container=running restarts=0
2026-09-28T00:15:03Z [idle-stability] phase=observed_idle remaining_s=264
2026-09-28T00:15:04Z [idle-stability] phase=observed_idle remaining_s=263
2026-09-28T00:15:05Z [idle-stability] phase=observed_idle remaining_s=262
2026-09-28T00:15:06Z [idle-stability] phase=observed_idle remaining_s=261
2026-09-28T00:15:07Z [idle-stability] phase=observed_idle remaining_s=260
2026-09-28T00:15:08Z [idle-stability] health=9 http=200 valid=true latency_s=0.001282 camera=true yolo=true detection=false follow=false
2026-09-28T00:15:08Z [idle-stability] phase=observed_idle sample=9 cpu_pct=3.200 ram_used_total_kib=1005472,8255824 temp_c=65 throttled=0x50000 container=running restarts=0
2026-09-28T00:15:08Z [idle-stability] phase=observed_idle remaining_s=259
2026-09-28T00:15:09Z [idle-stability] phase=observed_idle remaining_s=258
2026-09-28T00:15:10Z [idle-stability] phase=observed_idle remaining_s=257
2026-09-28T00:15:11Z [idle-stability] phase=observed_idle remaining_s=256
2026-09-28T00:15:12Z [idle-stability] phase=observed_idle remaining_s=255
2026-09-28T00:15:13Z [idle-stability] health=10 http=200 valid=true latency_s=0.001023 camera=true yolo=true detection=false follow=false
2026-09-28T00:15:13Z [idle-stability] phase=observed_idle sample=10 cpu_pct=4.532 ram_used_total_kib=1011232,8255824 temp_c=62.8 throttled=0x50000 container=running restarts=0
2026-09-28T00:15:13Z [idle-stability] phase=observed_idle remaining_s=254
2026-09-28T00:15:14Z [idle-stability] phase=observed_idle remaining_s=253
2026-09-28T00:15:15Z [idle-stability] phase=observed_idle remaining_s=252
2026-09-28T00:15:16Z [idle-stability] phase=observed_idle remaining_s=251
2026-09-28T00:15:17Z [idle-stability] phase=observed_idle remaining_s=250
2026-09-28T00:15:18Z [idle-stability] health=11 http=200 valid=true latency_s=0.001036 camera=true yolo=true detection=false follow=false
2026-09-28T00:15:18Z [idle-stability] phase=observed_idle sample=11 cpu_pct=4.239 ram_used_total_kib=999488,8255824 temp_c=61.7 throttled=0x50000 container=running restarts=0
2026-09-28T00:15:18Z [idle-stability] phase=observed_idle remaining_s=249
2026-09-28T00:15:19Z [idle-stability] phase=observed_idle remaining_s=248
2026-09-28T00:15:20Z [idle-stability] phase=observed_idle remaining_s=247
2026-09-28T00:15:21Z [idle-stability] phase=observed_idle remaining_s=246
2026-09-28T00:15:22Z [idle-stability] phase=observed_idle remaining_s=245
2026-09-28T00:15:23Z [idle-stability] health=12 http=200 valid=true latency_s=0.001434 camera=true yolo=true detection=false follow=false
2026-09-28T00:15:23Z [idle-stability] phase=observed_idle sample=12 cpu_pct=4.581 ram_used_total_kib=1013984,8255824 temp_c=62.8 throttled=0x50000 container=running restarts=0
2026-09-28T00:15:23Z [idle-stability] phase=observed_idle remaining_s=244
2026-09-28T00:15:24Z [idle-stability] phase=observed_idle remaining_s=243
2026-09-28T00:15:25Z [idle-stability] phase=observed_idle remaining_s=242
2026-09-28T00:15:26Z [idle-stability] phase=observed_idle remaining_s=241
2026-09-28T00:15:27Z [idle-stability] phase=observed_idle remaining_s=240
2026-09-28T00:15:28Z [idle-stability] health=13 http=200 valid=true latency_s=0.000907 camera=true yolo=true detection=false follow=false
2026-09-28T00:15:28Z [idle-stability] phase=observed_idle sample=13 cpu_pct=3.154 ram_used_total_kib=1007856,8255824 temp_c=63.9 throttled=0x50000 container=running restarts=0
2026-09-28T00:15:28Z [idle-stability] phase=observed_idle remaining_s=239
2026-09-28T00:15:29Z [idle-stability] phase=observed_idle remaining_s=238
2026-09-28T00:15:30Z [idle-stability] phase=observed_idle remaining_s=237
2026-09-28T00:15:31Z [idle-stability] phase=observed_idle remaining_s=236
2026-09-28T00:15:32Z [idle-stability] phase=observed_idle remaining_s=235
2026-09-28T00:15:33Z [idle-stability] phase=observed_idle remaining_s=234
2026-09-28T00:15:33Z [idle-stability] health=14 http=200 valid=true latency_s=0.001044 camera=true yolo=true detection=false follow=false
2026-09-28T00:15:33Z [idle-stability] phase=observed_idle sample=14 cpu_pct=4.677 ram_used_total_kib=1007408,8255824 temp_c=63.35 throttled=0x50000 container=running restarts=0
2026-09-28T00:15:34Z [idle-stability] phase=observed_idle remaining_s=233
2026-09-28T00:15:35Z [idle-stability] phase=observed_idle remaining_s=232
2026-09-28T00:15:36Z [idle-stability] phase=observed_idle remaining_s=231
2026-09-28T00:15:37Z [idle-stability] phase=observed_idle remaining_s=230
2026-09-28T00:15:38Z [idle-stability] phase=observed_idle remaining_s=229
2026-09-28T00:15:38Z [idle-stability] health=15 http=200 valid=true latency_s=0.001078 camera=true yolo=true detection=false follow=false
2026-09-28T00:15:38Z [idle-stability] phase=observed_idle sample=15 cpu_pct=4.144 ram_used_total_kib=1002880,8255824 temp_c=62.8 throttled=0x50000 container=running restarts=0
2026-09-28T00:15:39Z [idle-stability] phase=observed_idle remaining_s=228
2026-09-28T00:15:40Z [idle-stability] phase=observed_idle remaining_s=227
2026-09-28T00:15:41Z [idle-stability] phase=observed_idle remaining_s=226
2026-09-28T00:15:42Z [idle-stability] phase=observed_idle remaining_s=225
2026-09-28T00:15:43Z [idle-stability] phase=observed_idle remaining_s=224
2026-09-28T00:15:43Z [idle-stability] health=16 http=200 valid=true latency_s=0.000921 camera=true yolo=true detection=false follow=false
2026-09-28T00:15:43Z [idle-stability] phase=observed_idle sample=16 cpu_pct=3.401 ram_used_total_kib=1003184,8255824 temp_c=63.35 throttled=0x50000 container=running restarts=0
2026-09-28T00:15:44Z [idle-stability] phase=observed_idle remaining_s=223
2026-09-28T00:15:45Z [idle-stability] phase=observed_idle remaining_s=222
2026-09-28T00:15:46Z [idle-stability] phase=observed_idle remaining_s=221
2026-09-28T00:15:47Z [idle-stability] phase=observed_idle remaining_s=220
2026-09-28T00:15:48Z [idle-stability] phase=observed_idle remaining_s=219
2026-09-28T00:15:48Z [idle-stability] health=17 http=200 valid=true latency_s=0.001040 camera=true yolo=true detection=false follow=false
2026-09-28T00:15:48Z [idle-stability] phase=observed_idle sample=17 cpu_pct=4.146 ram_used_total_kib=1012064,8255824 temp_c=62.25 throttled=0x50000 container=running restarts=0
2026-09-28T00:15:49Z [idle-stability] phase=observed_idle remaining_s=218
2026-09-28T00:15:50Z [idle-stability] phase=observed_idle remaining_s=217
2026-09-28T00:15:51Z [idle-stability] phase=observed_idle remaining_s=216
2026-09-28T00:15:52Z [idle-stability] phase=observed_idle remaining_s=215
2026-09-28T00:15:53Z [idle-stability] phase=observed_idle remaining_s=214
2026-09-28T00:15:53Z [idle-stability] health=18 http=200 valid=true latency_s=0.001048 camera=true yolo=true detection=false follow=false
2026-09-28T00:15:53Z [idle-stability] phase=observed_idle sample=18 cpu_pct=4.489 ram_used_total_kib=1008672,8255824 temp_c=62.25 throttled=0x50000 container=running restarts=0
2026-09-28T00:15:54Z [idle-stability] phase=observed_idle remaining_s=213
2026-09-28T00:15:55Z [idle-stability] phase=observed_idle remaining_s=212
2026-09-28T00:15:56Z [idle-stability] phase=observed_idle remaining_s=211
2026-09-28T00:15:57Z [idle-stability] phase=observed_idle remaining_s=210
2026-09-28T00:15:58Z [idle-stability] phase=observed_idle remaining_s=209
2026-09-28T00:15:58Z [idle-stability] health=19 http=200 valid=true latency_s=0.001061 camera=true yolo=true detection=false follow=false
2026-09-28T00:15:58Z [idle-stability] phase=observed_idle sample=19 cpu_pct=5.017 ram_used_total_kib=1001456,8255824 temp_c=61.15 throttled=0x50000 container=running restarts=0
2026-09-28T00:15:59Z [idle-stability] phase=observed_idle remaining_s=208
2026-09-28T00:16:00Z [idle-stability] phase=observed_idle remaining_s=207
2026-09-28T00:16:01Z [idle-stability] phase=observed_idle remaining_s=206
2026-09-28T00:16:02Z [idle-stability] phase=observed_idle remaining_s=205
2026-09-28T00:16:03Z [idle-stability] phase=observed_idle remaining_s=204
2026-09-28T00:16:04Z [idle-stability] health=20 http=200 valid=true latency_s=0.001137 camera=true yolo=true detection=false follow=false
2026-09-28T00:16:04Z [idle-stability] phase=observed_idle sample=20 cpu_pct=4.584 ram_used_total_kib=1001584,8255824 temp_c=62.25 throttled=0x50000 container=running restarts=0
2026-09-28T00:16:04Z [idle-stability] phase=observed_idle remaining_s=203
2026-09-28T00:16:05Z [idle-stability] phase=observed_idle remaining_s=202
2026-09-28T00:16:06Z [idle-stability] phase=observed_idle remaining_s=201
2026-09-28T00:16:07Z [idle-stability] phase=observed_idle remaining_s=200
2026-09-28T00:16:08Z [idle-stability] phase=observed_idle remaining_s=199
2026-09-28T00:16:09Z [idle-stability] health=21 http=200 valid=true latency_s=0.001044 camera=true yolo=true detection=false follow=false
2026-09-28T00:16:09Z [idle-stability] phase=observed_idle sample=21 cpu_pct=4.427 ram_used_total_kib=1003232,8255824 temp_c=62.25 throttled=0x50000 container=running restarts=0
2026-09-28T00:16:09Z [idle-stability] phase=observed_idle remaining_s=198
2026-09-28T00:16:10Z [idle-stability] phase=observed_idle remaining_s=197
2026-09-28T00:16:11Z [idle-stability] phase=observed_idle remaining_s=196
2026-09-28T00:16:12Z [idle-stability] phase=observed_idle remaining_s=195
2026-09-28T00:16:13Z [idle-stability] phase=observed_idle remaining_s=194
2026-09-28T00:16:14Z [idle-stability] health=22 http=200 valid=true latency_s=0.000814 camera=true yolo=true detection=false follow=false
2026-09-28T00:16:14Z [idle-stability] phase=observed_idle sample=22 cpu_pct=3.631 ram_used_total_kib=1007696,8255824 temp_c=63.9 throttled=0x50000 container=running restarts=0
2026-09-28T00:16:14Z [idle-stability] phase=observed_idle remaining_s=193
2026-09-28T00:16:15Z [idle-stability] phase=observed_idle remaining_s=192
2026-09-28T00:16:16Z [idle-stability] phase=observed_idle remaining_s=191
2026-09-28T00:16:17Z [idle-stability] phase=observed_idle remaining_s=190
2026-09-28T00:16:18Z [idle-stability] phase=observed_idle remaining_s=189
2026-09-28T00:16:19Z [idle-stability] health=23 http=200 valid=true latency_s=0.001017 camera=true yolo=true detection=false follow=false
2026-09-28T00:16:19Z [idle-stability] phase=observed_idle sample=23 cpu_pct=4.253 ram_used_total_kib=1017280,8255824 temp_c=62.8 throttled=0x50000 container=running restarts=0
2026-09-28T00:16:19Z [idle-stability] phase=observed_idle remaining_s=188
2026-09-28T00:16:20Z [idle-stability] phase=observed_idle remaining_s=187
2026-09-28T00:16:21Z [idle-stability] phase=observed_idle remaining_s=186
2026-09-28T00:16:22Z [idle-stability] phase=observed_idle remaining_s=185
2026-09-28T00:16:23Z [idle-stability] phase=observed_idle remaining_s=184
2026-09-28T00:16:24Z [idle-stability] health=24 http=200 valid=true latency_s=0.001024 camera=true yolo=true detection=false follow=false
2026-09-28T00:16:24Z [idle-stability] phase=observed_idle sample=24 cpu_pct=4.292 ram_used_total_kib=1010208,8255824 temp_c=62.25 throttled=0x50000 container=running restarts=0
2026-09-28T00:16:24Z [idle-stability] phase=observed_idle remaining_s=183
2026-09-28T00:16:25Z [idle-stability] phase=observed_idle remaining_s=182
2026-09-28T00:16:26Z [idle-stability] phase=observed_idle remaining_s=181
2026-09-28T00:16:27Z [idle-stability] phase=observed_idle remaining_s=180
2026-09-28T00:16:28Z [idle-stability] phase=observed_idle remaining_s=179
2026-09-28T00:16:29Z [idle-stability] health=25 http=200 valid=true latency_s=0.001024 camera=true yolo=true detection=false follow=false
2026-09-28T00:16:29Z [idle-stability] phase=observed_idle sample=25 cpu_pct=4.485 ram_used_total_kib=1015472,8255824 temp_c=61.7 throttled=0x50000 container=running restarts=0
2026-09-28T00:16:29Z [idle-stability] phase=observed_idle remaining_s=178
2026-09-28T00:16:30Z [idle-stability] phase=observed_idle remaining_s=177
2026-09-28T00:16:31Z [idle-stability] phase=observed_idle remaining_s=176
2026-09-28T00:16:32Z [idle-stability] phase=observed_idle remaining_s=175
2026-09-28T00:16:33Z [idle-stability] phase=observed_idle remaining_s=174
2026-09-28T00:16:34Z [idle-stability] health=26 http=200 valid=true latency_s=0.001062 camera=true yolo=true detection=false follow=false
2026-09-28T00:16:34Z [idle-stability] phase=observed_idle sample=26 cpu_pct=4.241 ram_used_total_kib=1013360,8255824 temp_c=62.25 throttled=0x50000 container=running restarts=0
2026-09-28T00:16:34Z [idle-stability] phase=observed_idle remaining_s=173
2026-09-28T00:16:35Z [idle-stability] phase=observed_idle remaining_s=172
2026-09-28T00:16:36Z [idle-stability] phase=observed_idle remaining_s=171
2026-09-28T00:16:37Z [idle-stability] phase=observed_idle remaining_s=170
2026-09-28T00:16:38Z [idle-stability] phase=observed_idle remaining_s=169
2026-09-28T00:16:39Z [idle-stability] health=27 http=200 valid=true latency_s=0.001008 camera=true yolo=true detection=false follow=false
2026-09-28T00:16:39Z [idle-stability] phase=observed_idle remaining_s=168
2026-09-28T00:16:39Z [idle-stability] phase=observed_idle sample=27 cpu_pct=4.673 ram_used_total_kib=1021680,8255824 temp_c=61.7 throttled=0x50000 container=running restarts=0
2026-09-28T00:16:40Z [idle-stability] phase=observed_idle remaining_s=167
2026-09-28T00:16:41Z [idle-stability] phase=observed_idle remaining_s=166
2026-09-28T00:16:42Z [idle-stability] phase=observed_idle remaining_s=165
2026-09-28T00:16:43Z [idle-stability] phase=observed_idle remaining_s=164
2026-09-28T00:16:44Z [idle-stability] phase=observed_idle remaining_s=163
2026-09-28T00:16:44Z [idle-stability] health=28 http=200 valid=true latency_s=0.001030 camera=true yolo=true detection=false follow=false
2026-09-28T00:16:44Z [idle-stability] phase=observed_idle sample=28 cpu_pct=4.286 ram_used_total_kib=1014960,8255824 temp_c=61.7 throttled=0x50000 container=running restarts=0
2026-09-28T00:16:45Z [idle-stability] phase=observed_idle remaining_s=162
2026-09-28T00:16:46Z [idle-stability] phase=observed_idle remaining_s=161
2026-09-28T00:16:47Z [idle-stability] phase=observed_idle remaining_s=160
2026-09-28T00:16:48Z [idle-stability] phase=observed_idle remaining_s=159
2026-09-28T00:16:49Z [idle-stability] phase=observed_idle remaining_s=158
2026-09-28T00:16:49Z [idle-stability] health=29 http=200 valid=true latency_s=0.001011 camera=true yolo=true detection=false follow=false
2026-09-28T00:16:49Z [idle-stability] phase=observed_idle sample=29 cpu_pct=4.592 ram_used_total_kib=1018592,8255824 temp_c=62.25 throttled=0x50000 container=running restarts=0
2026-09-28T00:16:50Z [idle-stability] phase=observed_idle remaining_s=157
2026-09-28T00:16:51Z [idle-stability] phase=observed_idle remaining_s=156
2026-09-28T00:16:52Z [idle-stability] phase=observed_idle remaining_s=155
2026-09-28T00:16:53Z [idle-stability] phase=observed_idle remaining_s=154
2026-09-28T00:16:54Z [idle-stability] phase=observed_idle remaining_s=153
2026-09-28T00:16:54Z [idle-stability] health=30 http=200 valid=true latency_s=0.001042 camera=true yolo=true detection=false follow=false
2026-09-28T00:16:55Z [idle-stability] phase=observed_idle sample=30 cpu_pct=4.193 ram_used_total_kib=1006640,8255824 temp_c=61.7 throttled=0x50000 container=running restarts=0
2026-09-28T00:16:55Z [idle-stability] phase=observed_idle remaining_s=152
2026-09-28T00:16:56Z [idle-stability] phase=observed_idle remaining_s=151
2026-09-28T00:16:57Z [idle-stability] phase=observed_idle remaining_s=150
2026-09-28T00:16:58Z [idle-stability] phase=observed_idle remaining_s=149
2026-09-28T00:16:59Z [idle-stability] phase=observed_idle remaining_s=148
2026-09-28T00:17:00Z [idle-stability] health=31 http=200 valid=true latency_s=0.001032 camera=true yolo=true detection=false follow=false
2026-09-28T00:17:00Z [idle-stability] phase=observed_idle sample=31 cpu_pct=4.715 ram_used_total_kib=1003456,8255824 temp_c=61.15 throttled=0x50000 container=running restarts=0
2026-09-28T00:17:00Z [idle-stability] phase=observed_idle remaining_s=147
2026-09-28T00:17:01Z [idle-stability] phase=observed_idle remaining_s=146
2026-09-28T00:17:02Z [idle-stability] phase=observed_idle remaining_s=145
2026-09-28T00:17:03Z [idle-stability] phase=observed_idle remaining_s=144
2026-09-28T00:17:04Z [idle-stability] phase=observed_idle remaining_s=143
2026-09-28T00:17:05Z [idle-stability] health=32 http=200 valid=true latency_s=0.001062 camera=true yolo=true detection=false follow=false
2026-09-28T00:17:05Z [idle-stability] phase=observed_idle sample=32 cpu_pct=4.193 ram_used_total_kib=1003792,8255824 temp_c=61.7 throttled=0x50000 container=running restarts=0
2026-09-28T00:17:05Z [idle-stability] phase=observed_idle remaining_s=142
2026-09-28T00:17:06Z [idle-stability] phase=observed_idle remaining_s=141
2026-09-28T00:17:07Z [idle-stability] phase=observed_idle remaining_s=140
2026-09-28T00:17:08Z [idle-stability] phase=observed_idle remaining_s=139
2026-09-28T00:17:09Z [idle-stability] phase=observed_idle remaining_s=138
2026-09-28T00:17:10Z [idle-stability] health=33 http=200 valid=true latency_s=0.001027 camera=true yolo=true detection=false follow=false
2026-09-28T00:17:10Z [idle-stability] phase=observed_idle sample=33 cpu_pct=4.771 ram_used_total_kib=1007984,8255824 temp_c=60.6 throttled=0x50000 container=running restarts=0
2026-09-28T00:17:10Z [idle-stability] phase=observed_idle remaining_s=137
2026-09-28T00:17:11Z [idle-stability] phase=observed_idle remaining_s=136
2026-09-28T00:17:12Z [idle-stability] phase=observed_idle remaining_s=135
2026-09-28T00:17:13Z [idle-stability] phase=observed_idle remaining_s=134
2026-09-28T00:17:14Z [idle-stability] phase=observed_idle remaining_s=133
2026-09-28T00:17:15Z [idle-stability] health=34 http=200 valid=true latency_s=0.001118 camera=true yolo=true detection=false follow=false
2026-09-28T00:17:15Z [idle-stability] phase=observed_idle sample=34 cpu_pct=4.047 ram_used_total_kib=1005584,8255824 temp_c=62.25 throttled=0x50000 container=running restarts=0
2026-09-28T00:17:15Z [idle-stability] phase=observed_idle remaining_s=132
2026-09-28T00:17:16Z [idle-stability] phase=observed_idle remaining_s=131
2026-09-28T00:17:17Z [idle-stability] phase=observed_idle remaining_s=130
2026-09-28T00:17:18Z [idle-stability] phase=observed_idle remaining_s=129
2026-09-28T00:17:19Z [idle-stability] phase=observed_idle remaining_s=128
2026-09-28T00:17:20Z [idle-stability] health=35 http=200 valid=true latency_s=0.003387 camera=true yolo=true detection=false follow=false
2026-09-28T00:17:20Z [idle-stability] phase=observed_idle sample=35 cpu_pct=3.447 ram_used_total_kib=1022208,8255824 temp_c=64.45 throttled=0x50000 container=running restarts=0
2026-09-28T00:17:20Z [idle-stability] phase=observed_idle remaining_s=127
2026-09-28T00:17:21Z [idle-stability] phase=observed_idle remaining_s=126
2026-09-28T00:17:22Z [idle-stability] phase=observed_idle remaining_s=125
2026-09-28T00:17:23Z [idle-stability] phase=observed_idle remaining_s=124
2026-09-28T00:17:24Z [idle-stability] phase=observed_idle remaining_s=123
2026-09-28T00:17:25Z [idle-stability] health=36 http=200 valid=true latency_s=0.001098 camera=true yolo=true detection=false follow=false
2026-09-28T00:17:25Z [idle-stability] phase=observed_idle sample=36 cpu_pct=4.427 ram_used_total_kib=1007552,8255824 temp_c=61.7 throttled=0x50000 container=running restarts=0
2026-09-28T00:17:25Z [idle-stability] phase=observed_idle remaining_s=122
2026-09-28T00:17:26Z [idle-stability] phase=observed_idle remaining_s=121
2026-09-28T00:17:27Z [idle-stability] phase=observed_idle remaining_s=120
2026-09-28T00:17:28Z [idle-stability] phase=observed_idle remaining_s=119
2026-09-28T00:17:29Z [idle-stability] phase=observed_idle remaining_s=118
2026-09-28T00:17:30Z [idle-stability] health=37 http=200 valid=true latency_s=0.001140 camera=true yolo=true detection=false follow=false
2026-09-28T00:17:30Z [idle-stability] phase=observed_idle sample=37 cpu_pct=4.483 ram_used_total_kib=1017072,8255824 temp_c=62.25 throttled=0x50000 container=running restarts=0
2026-09-28T00:17:30Z [idle-stability] phase=observed_idle remaining_s=117
2026-09-28T00:17:31Z [idle-stability] phase=observed_idle remaining_s=116
2026-09-28T00:17:32Z [idle-stability] phase=observed_idle remaining_s=115
2026-09-28T00:17:33Z [idle-stability] phase=observed_idle remaining_s=114
2026-09-28T00:17:34Z [idle-stability] phase=observed_idle remaining_s=113
2026-09-28T00:17:35Z [idle-stability] health=38 http=200 valid=true latency_s=0.002003 camera=true yolo=true detection=false follow=false
2026-09-28T00:17:35Z [idle-stability] phase=observed_idle sample=38 cpu_pct=4.378 ram_used_total_kib=1010272,8255824 temp_c=60.6 throttled=0x50000 container=running restarts=0
2026-09-28T00:17:35Z [idle-stability] phase=observed_idle remaining_s=112
2026-09-28T00:17:36Z [idle-stability] phase=observed_idle remaining_s=111
2026-09-28T00:17:37Z [idle-stability] phase=observed_idle remaining_s=110
2026-09-28T00:17:38Z [idle-stability] phase=observed_idle remaining_s=109
2026-09-28T00:17:39Z [idle-stability] phase=observed_idle remaining_s=108
2026-09-28T00:17:40Z [idle-stability] phase=observed_idle remaining_s=107
2026-09-28T00:17:40Z [idle-stability] health=39 http=200 valid=true latency_s=0.001096 camera=true yolo=true detection=false follow=false
2026-09-28T00:17:40Z [idle-stability] phase=observed_idle sample=39 cpu_pct=4.438 ram_used_total_kib=1003968,8255824 temp_c=60.6 throttled=0x50000 container=running restarts=0
2026-09-28T00:17:41Z [idle-stability] phase=observed_idle remaining_s=106
2026-09-28T00:17:42Z [idle-stability] phase=observed_idle remaining_s=105
2026-09-28T00:17:43Z [idle-stability] phase=observed_idle remaining_s=104
2026-09-28T00:17:44Z [idle-stability] phase=observed_idle remaining_s=103
2026-09-28T00:17:45Z [idle-stability] phase=observed_idle remaining_s=102
2026-09-28T00:17:45Z [idle-stability] health=40 http=200 valid=true latency_s=0.001032 camera=true yolo=true detection=false follow=false
2026-09-28T00:17:45Z [idle-stability] phase=observed_idle sample=40 cpu_pct=4.425 ram_used_total_kib=1001200,8255824 temp_c=62.25 throttled=0x50000 container=running restarts=0
2026-09-28T00:17:46Z [idle-stability] phase=observed_idle remaining_s=101
2026-09-28T00:17:47Z [idle-stability] phase=observed_idle remaining_s=100
2026-09-28T00:17:48Z [idle-stability] phase=observed_idle remaining_s=99
2026-09-28T00:17:49Z [idle-stability] phase=observed_idle remaining_s=98
2026-09-28T00:17:50Z [idle-stability] phase=observed_idle remaining_s=97
2026-09-28T00:17:50Z [idle-stability] health=41 http=200 valid=true latency_s=0.001091 camera=true yolo=true detection=false follow=false
2026-09-28T00:17:50Z [idle-stability] phase=observed_idle sample=41 cpu_pct=4.442 ram_used_total_kib=1016224,8255824 temp_c=61.15 throttled=0x50000 container=running restarts=0
2026-09-28T00:17:51Z [idle-stability] phase=observed_idle remaining_s=96
2026-09-28T00:17:52Z [idle-stability] phase=observed_idle remaining_s=95
2026-09-28T00:17:53Z [idle-stability] phase=observed_idle remaining_s=94
2026-09-28T00:17:54Z [idle-stability] phase=observed_idle remaining_s=93
2026-09-28T00:17:55Z [idle-stability] phase=observed_idle remaining_s=92
2026-09-28T00:17:56Z [idle-stability] health=42 http=200 valid=true latency_s=0.001140 camera=true yolo=true detection=false follow=false
2026-09-28T00:17:56Z [idle-stability] phase=observed_idle sample=42 cpu_pct=4.738 ram_used_total_kib=1009200,8255824 temp_c=61.7 throttled=0x50000 container=running restarts=0
2026-09-28T00:17:56Z [idle-stability] phase=observed_idle remaining_s=91
2026-09-28T00:17:57Z [idle-stability] phase=observed_idle remaining_s=90
2026-09-28T00:17:58Z [idle-stability] phase=observed_idle remaining_s=89
2026-09-28T00:17:59Z [idle-stability] phase=observed_idle remaining_s=88
2026-09-28T00:18:00Z [idle-stability] phase=observed_idle remaining_s=87
2026-09-28T00:18:01Z [idle-stability] health=43 http=200 valid=true latency_s=0.001058 camera=true yolo=true detection=false follow=false
2026-09-28T00:18:01Z [idle-stability] phase=observed_idle sample=43 cpu_pct=4.680 ram_used_total_kib=1007280,8255824 temp_c=61.15 throttled=0x50000 container=running restarts=0
2026-09-28T00:18:01Z [idle-stability] phase=observed_idle remaining_s=86
2026-09-28T00:18:02Z [idle-stability] phase=observed_idle remaining_s=85
2026-09-28T00:18:03Z [idle-stability] phase=observed_idle remaining_s=84
2026-09-28T00:18:04Z [idle-stability] phase=observed_idle remaining_s=83
2026-09-28T00:18:05Z [idle-stability] phase=observed_idle remaining_s=82
2026-09-28T00:18:06Z [idle-stability] health=44 http=200 valid=true latency_s=0.001010 camera=true yolo=true detection=false follow=false
2026-09-28T00:18:06Z [idle-stability] phase=observed_idle sample=44 cpu_pct=4.339 ram_used_total_kib=1001488,8255824 temp_c=61.7 throttled=0x50000 container=running restarts=0
2026-09-28T00:18:06Z [idle-stability] phase=observed_idle remaining_s=81
2026-09-28T00:18:07Z [idle-stability] phase=observed_idle remaining_s=80
2026-09-28T00:18:08Z [idle-stability] phase=observed_idle remaining_s=79
2026-09-28T00:18:09Z [idle-stability] phase=observed_idle remaining_s=78
2026-09-28T00:18:10Z [idle-stability] phase=observed_idle remaining_s=77
2026-09-28T00:18:11Z [idle-stability] health=45 http=200 valid=true latency_s=0.001087 camera=true yolo=true detection=false follow=false
2026-09-28T00:18:11Z [idle-stability] phase=observed_idle sample=45 cpu_pct=3.401 ram_used_total_kib=1006800,8255824 temp_c=63.35 throttled=0x50000 container=running restarts=0
2026-09-28T00:18:11Z [idle-stability] phase=observed_idle remaining_s=76
2026-09-28T00:18:12Z [idle-stability] phase=observed_idle remaining_s=75
2026-09-28T00:18:13Z [idle-stability] phase=observed_idle remaining_s=74
2026-09-28T00:18:14Z [idle-stability] phase=observed_idle remaining_s=73
2026-09-28T00:18:15Z [idle-stability] phase=observed_idle remaining_s=72
2026-09-28T00:18:16Z [idle-stability] health=46 http=200 valid=true latency_s=0.000883 camera=true yolo=true detection=false follow=false
2026-09-28T00:18:16Z [idle-stability] phase=observed_idle sample=46 cpu_pct=3.200 ram_used_total_kib=1003712,8255824 temp_c=63.35 throttled=0x50000 container=running restarts=0
2026-09-28T00:18:16Z [idle-stability] phase=observed_idle remaining_s=71
2026-09-28T00:18:17Z [idle-stability] phase=observed_idle remaining_s=70
2026-09-28T00:18:18Z [idle-stability] phase=observed_idle remaining_s=69
2026-09-28T00:18:19Z [idle-stability] phase=observed_idle remaining_s=68
2026-09-28T00:18:20Z [idle-stability] phase=observed_idle remaining_s=67
2026-09-28T00:18:21Z [idle-stability] health=47 http=200 valid=true latency_s=0.001426 camera=true yolo=true detection=false follow=false
2026-09-28T00:18:21Z [idle-stability] phase=observed_idle sample=47 cpu_pct=4.296 ram_used_total_kib=1011136,8255824 temp_c=61.7 throttled=0x50000 container=running restarts=0
2026-09-28T00:18:21Z [idle-stability] phase=observed_idle remaining_s=66
2026-09-28T00:18:22Z [idle-stability] phase=observed_idle remaining_s=65
2026-09-28T00:18:23Z [idle-stability] phase=observed_idle remaining_s=64
2026-09-28T00:18:24Z [idle-stability] phase=observed_idle remaining_s=63
2026-09-28T00:18:25Z [idle-stability] phase=observed_idle remaining_s=62
2026-09-28T00:18:26Z [idle-stability] health=48 http=200 valid=true latency_s=0.001115 camera=true yolo=true detection=false follow=false
2026-09-28T00:18:26Z [idle-stability] phase=observed_idle sample=48 cpu_pct=4.191 ram_used_total_kib=1007152,8255824 temp_c=61.15 throttled=0x50000 container=running restarts=0
2026-09-28T00:18:26Z [idle-stability] phase=observed_idle remaining_s=61
2026-09-28T00:18:27Z [idle-stability] phase=observed_idle remaining_s=60
2026-09-28T00:18:28Z [idle-stability] phase=observed_idle remaining_s=59
2026-09-28T00:18:29Z [idle-stability] phase=observed_idle remaining_s=58
2026-09-28T00:18:30Z [idle-stability] phase=observed_idle remaining_s=57
2026-09-28T00:18:31Z [idle-stability] health=49 http=200 valid=true latency_s=0.001044 camera=true yolo=true detection=false follow=false
2026-09-28T00:18:31Z [idle-stability] phase=observed_idle sample=49 cpu_pct=3.542 ram_used_total_kib=1014208,8255824 temp_c=63.9 throttled=0x50000 container=running restarts=0
2026-09-28T00:18:31Z [idle-stability] phase=observed_idle remaining_s=56
2026-09-28T00:18:32Z [idle-stability] phase=observed_idle remaining_s=55
2026-09-28T00:18:33Z [idle-stability] phase=observed_idle remaining_s=54
2026-09-28T00:18:34Z [idle-stability] phase=observed_idle remaining_s=53
2026-09-28T00:18:35Z [idle-stability] phase=observed_idle remaining_s=52
2026-09-28T00:18:36Z [idle-stability] health=50 http=200 valid=true latency_s=0.001087 camera=true yolo=true detection=false follow=false
2026-09-28T00:18:36Z [idle-stability] phase=observed_idle sample=50 cpu_pct=4.234 ram_used_total_kib=1008624,8255824 temp_c=62.25 throttled=0x50000 container=running restarts=0
2026-09-28T00:18:36Z [idle-stability] phase=observed_idle remaining_s=51
2026-09-28T00:18:37Z [idle-stability] phase=observed_idle remaining_s=50
2026-09-28T00:18:38Z [idle-stability] phase=observed_idle remaining_s=49
2026-09-28T00:18:39Z [idle-stability] phase=observed_idle remaining_s=48
2026-09-28T00:18:40Z [idle-stability] phase=observed_idle remaining_s=47
2026-09-28T00:18:41Z [idle-stability] phase=observed_idle remaining_s=46
2026-09-28T00:18:41Z [idle-stability] health=51 http=200 valid=true latency_s=0.001113 camera=true yolo=true detection=false follow=false
2026-09-28T00:18:41Z [idle-stability] phase=observed_idle sample=51 cpu_pct=4.626 ram_used_total_kib=1016352,8255824 temp_c=62.8 throttled=0x50000 container=running restarts=0
2026-09-28T00:18:42Z [idle-stability] phase=observed_idle remaining_s=45
2026-09-28T00:18:43Z [idle-stability] phase=observed_idle remaining_s=44
2026-09-28T00:18:44Z [idle-stability] phase=observed_idle remaining_s=43
2026-09-28T00:18:45Z [idle-stability] phase=observed_idle remaining_s=42
2026-09-28T00:18:46Z [idle-stability] phase=observed_idle remaining_s=41
2026-09-28T00:18:47Z [idle-stability] health=52 http=200 valid=true latency_s=0.001028 camera=true yolo=true detection=false follow=false
2026-09-28T00:18:47Z [idle-stability] phase=observed_idle sample=52 cpu_pct=4.236 ram_used_total_kib=1008608,8255824 temp_c=61.7 throttled=0x50000 container=running restarts=0
2026-09-28T00:18:47Z [idle-stability] phase=observed_idle remaining_s=40
2026-09-28T00:18:48Z [idle-stability] phase=observed_idle remaining_s=39
2026-09-28T00:18:49Z [idle-stability] phase=observed_idle remaining_s=38
2026-09-28T00:18:50Z [idle-stability] phase=observed_idle remaining_s=37
2026-09-28T00:18:51Z [idle-stability] phase=observed_idle remaining_s=36
2026-09-28T00:18:52Z [idle-stability] health=53 http=200 valid=true latency_s=0.001085 camera=true yolo=true detection=false follow=false
2026-09-28T00:18:52Z [idle-stability] phase=observed_idle sample=53 cpu_pct=3.591 ram_used_total_kib=1005104,8255824 temp_c=63.9 throttled=0x50000 container=running restarts=0
2026-09-28T00:18:52Z [idle-stability] phase=observed_idle remaining_s=35
2026-09-28T00:18:53Z [idle-stability] phase=observed_idle remaining_s=34
2026-09-28T00:18:54Z [idle-stability] phase=observed_idle remaining_s=33
2026-09-28T00:18:55Z [idle-stability] phase=observed_idle remaining_s=32
2026-09-28T00:18:56Z [idle-stability] phase=observed_idle remaining_s=31
2026-09-28T00:18:57Z [idle-stability] health=54 http=200 valid=true latency_s=0.001092 camera=true yolo=true detection=false follow=false
2026-09-28T00:18:57Z [idle-stability] phase=observed_idle sample=54 cpu_pct=3.200 ram_used_total_kib=1003312,8255824 temp_c=63.9 throttled=0x50000 container=running restarts=0
2026-09-28T00:18:57Z [idle-stability] phase=observed_idle remaining_s=30
2026-09-28T00:18:58Z [idle-stability] phase=observed_idle remaining_s=29
2026-09-28T00:18:59Z [idle-stability] phase=observed_idle remaining_s=28
2026-09-28T00:19:00Z [idle-stability] phase=observed_idle remaining_s=27
2026-09-28T00:19:01Z [idle-stability] phase=observed_idle remaining_s=26
2026-09-28T00:19:02Z [idle-stability] health=55 http=200 valid=true latency_s=0.001180 camera=true yolo=true detection=false follow=false
2026-09-28T00:19:02Z [idle-stability] phase=observed_idle sample=55 cpu_pct=4.487 ram_used_total_kib=1001072,8255824 temp_c=62.8 throttled=0x50000 container=running restarts=0
2026-09-28T00:19:02Z [idle-stability] phase=observed_idle remaining_s=25
2026-09-28T00:19:03Z [idle-stability] phase=observed_idle remaining_s=24
2026-09-28T00:19:04Z [idle-stability] phase=observed_idle remaining_s=23
2026-09-28T00:19:05Z [idle-stability] phase=observed_idle remaining_s=22
2026-09-28T00:19:06Z [idle-stability] phase=observed_idle remaining_s=21
2026-09-28T00:19:07Z [idle-stability] health=56 http=200 valid=true latency_s=0.001111 camera=true yolo=true detection=false follow=false
2026-09-28T00:19:07Z [idle-stability] phase=observed_idle sample=56 cpu_pct=4.376 ram_used_total_kib=1007136,8255824 temp_c=61.7 throttled=0x50000 container=running restarts=0
2026-09-28T00:19:07Z [idle-stability] phase=observed_idle remaining_s=20
2026-09-28T00:19:08Z [idle-stability] phase=observed_idle remaining_s=19
2026-09-28T00:19:09Z [idle-stability] phase=observed_idle remaining_s=18
2026-09-28T00:19:10Z [idle-stability] phase=observed_idle remaining_s=17
2026-09-28T00:19:11Z [idle-stability] phase=observed_idle remaining_s=16
2026-09-28T00:19:12Z [idle-stability] health=57 http=200 valid=true latency_s=0.001041 camera=true yolo=true detection=false follow=false
2026-09-28T00:19:12Z [idle-stability] phase=observed_idle sample=57 cpu_pct=4.438 ram_used_total_kib=1013936,8255824 temp_c=60.6 throttled=0x50000 container=running restarts=0
2026-09-28T00:19:12Z [idle-stability] phase=observed_idle remaining_s=15
2026-09-28T00:19:13Z [idle-stability] phase=observed_idle remaining_s=14
2026-09-28T00:19:14Z [idle-stability] phase=observed_idle remaining_s=13
2026-09-28T00:19:15Z [idle-stability] phase=observed_idle remaining_s=12
2026-09-28T00:19:16Z [idle-stability] phase=observed_idle remaining_s=11
2026-09-28T00:19:17Z [idle-stability] health=58 http=200 valid=true latency_s=0.001246 camera=true yolo=true detection=false follow=false
2026-09-28T00:19:17Z [idle-stability] phase=observed_idle sample=58 cpu_pct=3.420 ram_used_total_kib=1009952,8255824 temp_c=62.8 throttled=0x50000 container=running restarts=0
2026-09-28T00:19:17Z [idle-stability] phase=observed_idle remaining_s=10
2026-09-28T00:19:18Z [idle-stability] phase=observed_idle remaining_s=9
2026-09-28T00:19:19Z [idle-stability] phase=observed_idle remaining_s=8
2026-09-28T00:19:20Z [idle-stability] phase=observed_idle remaining_s=7
2026-09-28T00:19:21Z [idle-stability] phase=observed_idle remaining_s=6
2026-09-28T00:19:22Z [idle-stability] health=59 http=200 valid=true latency_s=0.001094 camera=true yolo=true detection=false follow=false
2026-09-28T00:19:22Z [idle-stability] phase=observed_idle sample=59 cpu_pct=3.397 ram_used_total_kib=1005856,8255824 temp_c=64.45 throttled=0x50000 container=running restarts=0
2026-09-28T00:19:22Z [idle-stability] phase=observed_idle remaining_s=5
2026-09-28T00:19:23Z [idle-stability] phase=observed_idle remaining_s=4
2026-09-28T00:19:24Z [idle-stability] phase=observed_idle remaining_s=3
2026-09-28T00:19:25Z [idle-stability] phase=observed_idle remaining_s=2
2026-09-28T00:19:26Z [idle-stability] phase=observed_idle remaining_s=1
2026-09-28T00:19:27Z [idle-stability] phase=observed_idle remaining_s=0 collection complete
2026-09-28T00:19:28Z [idle-stability] Finalizing: stopping workers, restoring state and collecting Docker logs
2026-09-28T00:19:28Z [idle-stability] WARNING Docker logs unavailable or incomplete (timeout/permissions/container missing)
2026-09-28T00:19:28Z [idle-stability] Finished exit_code=0 elapsed_s=302 results=/home/pi/experiments/logs/2026-09-28T00-14-26_idle-stability_MGPH4Q
