2026-09-28T00:23:30Z [stream-stability] Starting target=http://localhost:1607 results=/home/pi/experiments/logs/2026-09-28T00-23-30_stream-stability_2a7eMb; collecting metadata
2026-09-28T00:23:30Z [stream-stability] Running Docker containers:
2026-09-28T00:23:30Z [stream-stability] docker-ps: NAMES     STATUS                    PORTS
2026-09-28T00:23:30Z [stream-stability] docker-ps: vehicle   Up 43 minutes (healthy)   
2026-09-28T00:23:30Z [stream-stability] Exactly one Docker container is running; selecting container=vehicle
2026-09-28T00:23:30Z [stream-stability] Using existing Docker container=vehicle state=running
2026-09-28T00:23:30Z [stream-stability] phase=streaming remaining_s=60 (collection budget; cleanup follows)
2026-09-28T00:23:30Z [stream-stability] stream attempt=1 started budget_s=60
2026-09-28T00:23:30Z [stream-stability] health=1 http=200 valid=true latency_s=0.000811 camera=true yolo=true detection=false follow=false
2026-09-28T00:23:30Z [stream-stability] phase=streaming sample=1 cpu_pct=NA ram_used_total_kib=1052944,8255824 temp_c=62.25 throttled=0x50000 container=running restarts=0
2026-09-28T00:23:31Z [stream-stability] phase=streaming remaining_s=59
2026-09-28T00:23:32Z [stream-stability] phase=streaming remaining_s=58
2026-09-28T00:23:33Z [stream-stability] phase=streaming remaining_s=57
2026-09-28T00:23:34Z [stream-stability] phase=streaming remaining_s=56
2026-09-28T00:23:35Z [stream-stability] phase=streaming remaining_s=55
2026-09-28T00:23:35Z [stream-stability] health=2 http=200 valid=true latency_s=0.001324 camera=true yolo=true detection=false follow=false
2026-09-28T00:23:35Z [stream-stability] phase=streaming sample=2 cpu_pct=3.895 ram_used_total_kib=1034912,8255824 temp_c=60.6 throttled=0x50000 container=running restarts=0
2026-09-28T00:23:36Z [stream-stability] phase=streaming remaining_s=54
2026-09-28T00:23:37Z [stream-stability] phase=streaming remaining_s=53
2026-09-28T00:23:38Z [stream-stability] phase=streaming remaining_s=52
2026-09-28T00:23:39Z [stream-stability] phase=streaming remaining_s=51
2026-09-28T00:23:40Z [stream-stability] phase=streaming remaining_s=50
2026-09-28T00:23:40Z [stream-stability] health=3 http=200 valid=true latency_s=0.001048 camera=true yolo=true detection=false follow=false
2026-09-28T00:23:40Z [stream-stability] phase=streaming sample=3 cpu_pct=4.391 ram_used_total_kib=1029840,8255824 temp_c=61.7 throttled=0x50000 container=running restarts=0
2026-09-28T00:23:41Z [stream-stability] phase=streaming remaining_s=49
2026-09-28T00:23:42Z [stream-stability] phase=streaming remaining_s=48
2026-09-28T00:23:43Z [stream-stability] phase=streaming remaining_s=47
2026-09-28T00:23:44Z [stream-stability] phase=streaming remaining_s=46
2026-09-28T00:23:45Z [stream-stability] phase=streaming remaining_s=45
2026-09-28T00:23:45Z [stream-stability] health=4 http=200 valid=true latency_s=0.001092 camera=true yolo=true detection=false follow=false
2026-09-28T00:23:45Z [stream-stability] phase=streaming sample=4 cpu_pct=4.682 ram_used_total_kib=1011536,8255824 temp_c=62.25 throttled=0x50000 container=running restarts=0
2026-09-28T00:23:46Z [stream-stability] phase=streaming remaining_s=44
2026-09-28T00:23:47Z [stream-stability] phase=streaming remaining_s=43
2026-09-28T00:23:48Z [stream-stability] phase=streaming remaining_s=42
2026-09-28T00:23:49Z [stream-stability] phase=streaming remaining_s=41
2026-09-28T00:23:50Z [stream-stability] phase=streaming remaining_s=40
2026-09-28T00:23:50Z [stream-stability] health=5 http=200 valid=true latency_s=0.001078 camera=true yolo=true detection=false follow=false
2026-09-28T00:23:50Z [stream-stability] phase=streaming sample=5 cpu_pct=4.339 ram_used_total_kib=1010416,8255824 temp_c=61.15 throttled=0x50000 container=running restarts=0
2026-09-28T00:23:51Z [stream-stability] phase=streaming remaining_s=39
2026-09-28T00:23:52Z [stream-stability] phase=streaming remaining_s=38
2026-09-28T00:23:53Z [stream-stability] phase=streaming remaining_s=37
2026-09-28T00:23:54Z [stream-stability] phase=streaming remaining_s=36
2026-09-28T00:23:55Z [stream-stability] phase=streaming remaining_s=35
2026-09-28T00:23:55Z [stream-stability] health=6 http=200 valid=true latency_s=0.001044 camera=true yolo=true detection=false follow=false
2026-09-28T00:23:55Z [stream-stability] phase=streaming sample=6 cpu_pct=5.796 ram_used_total_kib=1024320,8255824 temp_c=60.6 throttled=0x50000 container=running restarts=0
2026-09-28T00:23:56Z [stream-stability] phase=streaming remaining_s=34
2026-09-28T00:23:57Z [stream-stability] phase=streaming remaining_s=33
2026-09-28T00:23:58Z [stream-stability] phase=streaming remaining_s=32
2026-09-28T00:23:59Z [stream-stability] phase=streaming remaining_s=31
2026-09-28T00:24:00Z [stream-stability] phase=streaming remaining_s=30
2026-09-28T00:24:00Z [stream-stability] health=7 http=200 valid=true latency_s=0.000901 camera=true yolo=true detection=false follow=false
2026-09-28T00:24:01Z [stream-stability] phase=streaming sample=7 cpu_pct=3.443 ram_used_total_kib=1012368,8255824 temp_c=61.7 throttled=0x50000 container=running restarts=0
2026-09-28T00:24:01Z [stream-stability] phase=streaming remaining_s=29
2026-09-28T00:24:02Z [stream-stability] phase=streaming remaining_s=28
2026-09-28T00:24:03Z [stream-stability] phase=streaming remaining_s=27
2026-09-28T00:24:04Z [stream-stability] phase=streaming remaining_s=26
2026-09-28T00:24:05Z [stream-stability] phase=streaming remaining_s=25
2026-09-28T00:24:06Z [stream-stability] health=8 http=200 valid=true latency_s=0.001047 camera=true yolo=true detection=false follow=false
2026-09-28T00:24:06Z [stream-stability] phase=streaming sample=8 cpu_pct=4.884 ram_used_total_kib=1008592,8255824 temp_c=61.15 throttled=0x50000 container=running restarts=0
2026-09-28T00:24:06Z [stream-stability] phase=streaming remaining_s=24
2026-09-28T00:24:07Z [stream-stability] phase=streaming remaining_s=23
2026-09-28T00:24:08Z [stream-stability] phase=streaming remaining_s=22
2026-09-28T00:24:09Z [stream-stability] phase=streaming remaining_s=21
2026-09-28T00:24:10Z [stream-stability] phase=streaming remaining_s=20
2026-09-28T00:24:11Z [stream-stability] health=9 http=200 valid=true latency_s=0.000963 camera=true yolo=true detection=false follow=false
2026-09-28T00:24:11Z [stream-stability] phase=streaming sample=9 cpu_pct=4.438 ram_used_total_kib=1006976,8255824 temp_c=60.6 throttled=0x50000 container=running restarts=0
2026-09-28T00:24:11Z [stream-stability] phase=streaming remaining_s=19
2026-09-28T00:24:12Z [stream-stability] phase=streaming remaining_s=18
2026-09-28T00:24:13Z [stream-stability] phase=streaming remaining_s=17
2026-09-28T00:24:14Z [stream-stability] phase=streaming remaining_s=16
2026-09-28T00:24:15Z [stream-stability] phase=streaming remaining_s=15
2026-09-28T00:24:16Z [stream-stability] health=10 http=200 valid=true latency_s=0.003615 camera=true yolo=true detection=false follow=false
2026-09-28T00:24:16Z [stream-stability] phase=streaming sample=10 cpu_pct=4.825 ram_used_total_kib=1020864,8255824 temp_c=60.6 throttled=0x50000 container=running restarts=0
2026-09-28T00:24:16Z [stream-stability] phase=streaming remaining_s=14
2026-09-28T00:24:17Z [stream-stability] phase=streaming remaining_s=13
2026-09-28T00:24:18Z [stream-stability] phase=streaming remaining_s=12
2026-09-28T00:24:19Z [stream-stability] phase=streaming remaining_s=11
2026-09-28T00:24:20Z [stream-stability] phase=streaming remaining_s=10
2026-09-28T00:24:21Z [stream-stability] health=11 http=200 valid=true latency_s=0.001241 camera=true yolo=true detection=false follow=false
2026-09-28T00:24:21Z [stream-stability] phase=streaming sample=11 cpu_pct=4.247 ram_used_total_kib=1012480,8255824 temp_c=60.05 throttled=0x50000 container=running restarts=0
2026-09-28T00:24:21Z [stream-stability] phase=streaming remaining_s=9
2026-09-28T00:24:22Z [stream-stability] phase=streaming remaining_s=8
2026-09-28T00:24:23Z [stream-stability] phase=streaming remaining_s=7
2026-09-28T00:24:24Z [stream-stability] phase=streaming remaining_s=6
2026-09-28T00:24:25Z [stream-stability] phase=streaming remaining_s=5
2026-09-28T00:24:26Z [stream-stability] health=12 http=200 valid=true latency_s=0.001105 camera=true yolo=true detection=false follow=false
2026-09-28T00:24:26Z [stream-stability] phase=streaming sample=12 cpu_pct=4.870 ram_used_total_kib=1017488,8255824 temp_c=60.6 throttled=0x50000 container=running restarts=0
2026-09-28T00:24:26Z [stream-stability] phase=streaming remaining_s=4
2026-09-28T00:24:27Z [stream-stability] phase=streaming remaining_s=3
2026-09-28T00:24:28Z [stream-stability] phase=streaming remaining_s=2
2026-09-28T00:24:29Z [stream-stability] phase=streaming remaining_s=1
2026-09-28T00:24:30Z [stream-stability] stream attempt=1 curl_exit=28 http_elapsed_bytes=200,60.000300,35189536 outcome=deadline_or_stall_timeout
2026-09-28T00:24:30Z [stream-stability] phase=streaming remaining_s=0 collection complete
2026-09-28T00:24:30Z [stream-stability] Finalizing: stopping workers, restoring state and collecting Docker logs
2026-09-28T00:24:30Z [stream-stability] WARNING Docker logs unavailable or incomplete (timeout/permissions/container missing)
2026-09-28T00:24:30Z [stream-stability] Finished exit_code=0 elapsed_s=60 results=/home/pi/experiments/logs/2026-09-28T00-23-30_stream-stability_2a7eMb
